
*** Running vivado
    with args -log top.vds -m64 -product Vivado -mode batch -messageDb vivado.pb -notrace -source top.tcl


****** Vivado v2018.2 (64-bit)
  **** SW Build 2258646 on Thu Jun 14 20:03:12 MDT 2018
  **** IP Build 2256618 on Thu Jun 14 22:10:49 MDT 2018
    ** Copyright 1986-2018 Xilinx, Inc. All Rights Reserved.

source top.tcl -notrace
Command: synth_design -top top -part xc7z020clg484-2
Starting synth_design
Attempting to get a license for feature 'Synthesis' and/or device 'xc7z020'
INFO: [Common 17-349] Got license for feature 'Synthesis' and/or device 'xc7z020'
INFO: Launching helper process for spawning children vivado processes
INFO: Helper process launched with PID 29980 
---------------------------------------------------------------------------------
Starting RTL Elaboration : Time (s): cpu = 00:00:01 ; elapsed = 00:00:01 . Memory (MB): peak = 444.133 ; gain = 92.422
---------------------------------------------------------------------------------
INFO: [Synth 8-6157] synthesizing module 'top' [D:/Vivado_Projects/Assignment_1/Assignment_1.srcs/sources_1/new/top.v:23]
INFO: [Synth 8-6157] synthesizing module 'clk_wiz_0' [D:/Vivado_Projects/Assignment_1/Assignment_1.runs/synth_1/.Xil/Vivado-26600-DESKTOP-DEP9CPL/realtime/clk_wiz_0_stub.v:5]
INFO: [Synth 8-6155] done synthesizing module 'clk_wiz_0' (1#1) [D:/Vivado_Projects/Assignment_1/Assignment_1.runs/synth_1/.Xil/Vivado-26600-DESKTOP-DEP9CPL/realtime/clk_wiz_0_stub.v:5]
INFO: [Synth 8-6157] synthesizing module 'clock_divider' [D:/Vivado_Projects/Assignment_1/Assignment_1.srcs/sources_1/new/clock_divider.v:23]
INFO: [Synth 8-6155] done synthesizing module 'clock_divider' (2#1) [D:/Vivado_Projects/Assignment_1/Assignment_1.srcs/sources_1/new/clock_divider.v:23]
INFO: [Synth 8-6157] synthesizing module 'counter' [D:/Vivado_Projects/Assignment_1/Assignment_1.srcs/sources_1/new/counter.v:23]
INFO: [Synth 8-6155] done synthesizing module 'counter' (3#1) [D:/Vivado_Projects/Assignment_1/Assignment_1.srcs/sources_1/new/counter.v:23]
INFO: [Synth 8-6155] done synthesizing module 'top' (4#1) [D:/Vivado_Projects/Assignment_1/Assignment_1.srcs/sources_1/new/top.v:23]
---------------------------------------------------------------------------------
Finished RTL Elaboration : Time (s): cpu = 00:00:02 ; elapsed = 00:00:02 . Memory (MB): peak = 498.887 ; gain = 147.176
---------------------------------------------------------------------------------

Report Check Netlist: 
+------+------------------+-------+---------+-------+------------------+
|      |Item              |Errors |Warnings |Status |Description       |
+------+------------------+-------+---------+-------+------------------+
|1     |multi_driven_nets |      0|        0|Passed |Multi driven nets |
+------+------------------+-------+---------+-------+------------------+
---------------------------------------------------------------------------------
Start Handling Custom Attributes
---------------------------------------------------------------------------------
---------------------------------------------------------------------------------
Finished Handling Custom Attributes : Time (s): cpu = 00:00:02 ; elapsed = 00:00:02 . Memory (MB): peak = 498.887 ; gain = 147.176
---------------------------------------------------------------------------------
---------------------------------------------------------------------------------
Finished RTL Optimization Phase 1 : Time (s): cpu = 00:00:02 ; elapsed = 00:00:02 . Memory (MB): peak = 498.887 ; gain = 147.176
---------------------------------------------------------------------------------
INFO: [Device 21-403] Loading part xc7z020clg484-2
INFO: [Project 1-570] Preparing netlist for logic optimization

Processing XDC Constraints
Initializing timing engine
Parsing XDC File [d:/Vivado_Projects/Assignment_1/Assignment_1.srcs/sources_1/ip/clk_wiz_0/clk_wiz_0/clk_wiz_0_in_context.xdc] for cell 'pll'
Finished Parsing XDC File [d:/Vivado_Projects/Assignment_1/Assignment_1.srcs/sources_1/ip/clk_wiz_0/clk_wiz_0/clk_wiz_0_in_context.xdc] for cell 'pll'
Parsing XDC File [D:/Vivado_Projects/Assignment_1/Assignment_1.srcs/constrs_1/new/cons.xdc]
WARNING: [Constraints 18-619] A clock with name 'clk' already exists, overwriting the previous clock with the same name. [D:/Vivado_Projects/Assignment_1/Assignment_1.srcs/constrs_1/new/cons.xdc:361]
INFO: [Vivado 12-2286] Implicit search of objects for pattern 'rst_n' matched to 'port' objects. [D:/Vivado_Projects/Assignment_1/Assignment_1.srcs/constrs_1/new/cons.xdc:363]
Resolution: To avoid ambiguous patterns, provide proper objects using get commands e.g. [get_nets xyz].
WARNING: [Vivado 12-1580] clock, cell, port or pin 'counter_reg[0]/CLR' not found. [D:/Vivado_Projects/Assignment_1/Assignment_1.srcs/constrs_1/new/cons.xdc:363]
INFO: [Vivado 12-2286] Implicit search of objects for pattern 'rst_n' matched to 'port' objects. [D:/Vivado_Projects/Assignment_1/Assignment_1.srcs/constrs_1/new/cons.xdc:364]
Resolution: To avoid ambiguous patterns, provide proper objects using get commands e.g. [get_nets xyz].
WARNING: [Vivado 12-1580] clock, cell, port or pin 'counter_reg[1]/CLR' not found. [D:/Vivado_Projects/Assignment_1/Assignment_1.srcs/constrs_1/new/cons.xdc:364]
INFO: [Vivado 12-2286] Implicit search of objects for pattern 'rst_n' matched to 'port' objects. [D:/Vivado_Projects/Assignment_1/Assignment_1.srcs/constrs_1/new/cons.xdc:365]
Resolution: To avoid ambiguous patterns, provide proper objects using get commands e.g. [get_nets xyz].
WARNING: [Vivado 12-1580] clock, cell, port or pin 'counter_reg[2]/CLR' not found. [D:/Vivado_Projects/Assignment_1/Assignment_1.srcs/constrs_1/new/cons.xdc:365]
WARNING: [Vivado 12-1580] clock, cell, port or pin 'counter_reg[0]/C' not found. [D:/Vivado_Projects/Assignment_1/Assignment_1.srcs/constrs_1/new/cons.xdc:368]
INFO: [Vivado 12-2286] Implicit search of objects for pattern 'counter[0]' matched to 'port' objects. [D:/Vivado_Projects/Assignment_1/Assignment_1.srcs/constrs_1/new/cons.xdc:368]
Resolution: To avoid ambiguous patterns, provide proper objects using get commands e.g. [get_nets xyz].
WARNING: [Vivado 12-1580] clock, cell, port or pin 'counter_reg[1]/C' not found. [D:/Vivado_Projects/Assignment_1/Assignment_1.srcs/constrs_1/new/cons.xdc:369]
INFO: [Vivado 12-2286] Implicit search of objects for pattern 'counter[1]' matched to 'port' objects. [D:/Vivado_Projects/Assignment_1/Assignment_1.srcs/constrs_1/new/cons.xdc:369]
Resolution: To avoid ambiguous patterns, provide proper objects using get commands e.g. [get_nets xyz].
WARNING: [Vivado 12-1580] clock, cell, port or pin 'counter_reg[2]/C' not found. [D:/Vivado_Projects/Assignment_1/Assignment_1.srcs/constrs_1/new/cons.xdc:370]
INFO: [Vivado 12-2286] Implicit search of objects for pattern 'counter[2]' matched to 'port' objects. [D:/Vivado_Projects/Assignment_1/Assignment_1.srcs/constrs_1/new/cons.xdc:370]
Resolution: To avoid ambiguous patterns, provide proper objects using get commands e.g. [get_nets xyz].
WARNING: [Vivado 12-584] No ports matched '[get_ports -of_objects [get_iobanks 33]]'. [D:/Vivado_Projects/Assignment_1/Assignment_1.srcs/constrs_1/new/cons.xdc:374]
WARNING: [Vivado 12-584] No ports matched '[get_ports -of_objects [get_iobanks 35]]'. [D:/Vivado_Projects/Assignment_1/Assignment_1.srcs/constrs_1/new/cons.xdc:384]
WARNING: [Vivado 12-584] No ports matched '[get_ports -of_objects [get_iobanks 13]]'. [D:/Vivado_Projects/Assignment_1/Assignment_1.srcs/constrs_1/new/cons.xdc:387]
Finished Parsing XDC File [D:/Vivado_Projects/Assignment_1/Assignment_1.srcs/constrs_1/new/cons.xdc]
WARNING: [Project 1-498] One or more constraints failed evaluation while reading constraint file [D:/Vivado_Projects/Assignment_1/Assignment_1.srcs/constrs_1/new/cons.xdc] and the design contains unresolved black boxes. These constraints will be read post-synthesis (as long as their source constraint file is marked as used_in_implementation) and should be applied correctly then. You should review the constraints listed in the file [.Xil/top_propImpl.xdc] and check the run log file to verify that these constraints were correctly applied.
INFO: [Project 1-236] Implementation specific constraints were found while reading constraint file [D:/Vivado_Projects/Assignment_1/Assignment_1.srcs/constrs_1/new/cons.xdc]. These constraints will be ignored for synthesis but will be used in implementation. Impacted constraints are listed in the file [.Xil/top_propImpl.xdc].
Resolution: To avoid this warning, move constraints listed in [.Xil/top_propImpl.xdc] to another XDC file and exclude this new file from synthesis with the used_in_synthesis property (File Properties dialog in GUI) and re-run elaboration/synthesis.
Completed Processing XDC Constraints

INFO: [Project 1-111] Unisim Transformation Summary:
No Unisim elements were transformed.

Constraint Validation Runtime : Time (s): cpu = 00:00:00 ; elapsed = 00:00:00.002 . Memory (MB): peak = 858.047 ; gain = 0.000
---------------------------------------------------------------------------------
Finished Constraint Validation : Time (s): cpu = 00:00:16 ; elapsed = 00:00:18 . Memory (MB): peak = 858.047 ; gain = 506.336
---------------------------------------------------------------------------------
---------------------------------------------------------------------------------
Start Loading Part and Timing Information
---------------------------------------------------------------------------------
Loading part: xc7z020clg484-2
---------------------------------------------------------------------------------
Finished Loading Part and Timing Information : Time (s): cpu = 00:00:16 ; elapsed = 00:00:18 . Memory (MB): peak = 858.047 ; gain = 506.336
---------------------------------------------------------------------------------
---------------------------------------------------------------------------------
Start Applying 'set_property' XDC Constraints
---------------------------------------------------------------------------------
Applied set_property IO_BUFFER_TYPE = NONE for clk. (constraint file  d:/Vivado_Projects/Assignment_1/Assignment_1.srcs/sources_1/ip/clk_wiz_0/clk_wiz_0/clk_wiz_0_in_context.xdc, line 3).
Applied set_property CLOCK_BUFFER_TYPE = NONE for clk. (constraint file  d:/Vivado_Projects/Assignment_1/Assignment_1.srcs/sources_1/ip/clk_wiz_0/clk_wiz_0/clk_wiz_0_in_context.xdc, line 4).
Applied set_property DONT_TOUCH = true for pll. (constraint file  auto generated constraint, line ).
---------------------------------------------------------------------------------
Finished applying 'set_property' XDC Constraints : Time (s): cpu = 00:00:16 ; elapsed = 00:00:18 . Memory (MB): peak = 858.047 ; gain = 506.336
---------------------------------------------------------------------------------
INFO: [Synth 8-5546] ROM "clk_1Hz" won't be mapped to RAM because it is too sparse
---------------------------------------------------------------------------------
Finished RTL Optimization Phase 2 : Time (s): cpu = 00:00:16 ; elapsed = 00:00:18 . Memory (MB): peak = 858.047 ; gain = 506.336
---------------------------------------------------------------------------------

Report RTL Partitions: 
+-+--------------+------------+----------+
| |RTL Partition |Replication |Instances |
+-+--------------+------------+----------+
+-+--------------+------------+----------+
---------------------------------------------------------------------------------
Start RTL Component Statistics 
---------------------------------------------------------------------------------
Detailed RTL Component Info : 
+---Adders : 
	   2 Input     23 Bit       Adders := 1     
	   2 Input      3 Bit       Adders := 1     
+---Registers : 
	               23 Bit    Registers := 1     
	                3 Bit    Registers := 1     
	                1 Bit    Registers := 1     
+---Muxes : 
	   2 Input     23 Bit        Muxes := 1     
	   2 Input      1 Bit        Muxes := 1     
---------------------------------------------------------------------------------
Finished RTL Component Statistics 
---------------------------------------------------------------------------------
---------------------------------------------------------------------------------
Start RTL Hierarchical Component Statistics 
---------------------------------------------------------------------------------
Hierarchical RTL Component report 
Module clock_divider 
Detailed RTL Component Info : 
+---Adders : 
	   2 Input     23 Bit       Adders := 1     
+---Registers : 
	               23 Bit    Registers := 1     
	                1 Bit    Registers := 1     
+---Muxes : 
	   2 Input     23 Bit        Muxes := 1     
	   2 Input      1 Bit        Muxes := 1     
Module counter 
Detailed RTL Component Info : 
+---Adders : 
	   2 Input      3 Bit       Adders := 1     
+---Registers : 
	                3 Bit    Registers := 1     
---------------------------------------------------------------------------------
Finished RTL Hierarchical Component Statistics
---------------------------------------------------------------------------------
---------------------------------------------------------------------------------
Start Part Resource Summary
---------------------------------------------------------------------------------
Part Resources:
DSPs: 220 (col length:60)
BRAMs: 280 (col length: RAMB18 60 RAMB36 30)
---------------------------------------------------------------------------------
Finished Part Resource Summary
---------------------------------------------------------------------------------
---------------------------------------------------------------------------------
Start Cross Boundary and Area Optimization
---------------------------------------------------------------------------------
Warning: Parallel synthesis criteria is not met 
INFO: [Synth 8-5546] ROM "div/clk_1Hz" won't be mapped to RAM because it is too sparse
---------------------------------------------------------------------------------
Finished Cross Boundary and Area Optimization : Time (s): cpu = 00:00:16 ; elapsed = 00:00:18 . Memory (MB): peak = 858.047 ; gain = 506.336
---------------------------------------------------------------------------------

Report RTL Partitions: 
+-+--------------+------------+----------+
| |RTL Partition |Replication |Instances |
+-+--------------+------------+----------+
+-+--------------+------------+----------+
---------------------------------------------------------------------------------
Start Applying XDC Timing Constraints
---------------------------------------------------------------------------------
INFO: [Synth 8-5578] Moved timing constraint from pin 'pll/clk_out1' to pin 'pll/bbstub_clk_out1/O'
WARNING: [Synth 8-565] redefining clock 'clk'
INFO: [Synth 8-5819] Moved 1 constraints on hierarchical pins to their respective driving/loading pins
---------------------------------------------------------------------------------
Finished Applying XDC Timing Constraints : Time (s): cpu = 00:00:22 ; elapsed = 00:00:25 . Memory (MB): peak = 876.098 ; gain = 524.387
---------------------------------------------------------------------------------
---------------------------------------------------------------------------------
Start Timing Optimization
---------------------------------------------------------------------------------
---------------------------------------------------------------------------------
Finished Timing Optimization : Time (s): cpu = 00:00:22 ; elapsed = 00:00:25 . Memory (MB): peak = 896.566 ; gain = 544.855
---------------------------------------------------------------------------------

Report RTL Partitions: 
+-+--------------+------------+----------+
| |RTL Partition |Replication |Instances |
+-+--------------+------------+----------+
+-+--------------+------------+----------+
---------------------------------------------------------------------------------
Start Technology Mapping
---------------------------------------------------------------------------------
---------------------------------------------------------------------------------
Finished Technology Mapping : Time (s): cpu = 00:00:22 ; elapsed = 00:00:25 . Memory (MB): peak = 896.566 ; gain = 544.855
---------------------------------------------------------------------------------

Report RTL Partitions: 
+-+--------------+------------+----------+
| |RTL Partition |Replication |Instances |
+-+--------------+------------+----------+
+-+--------------+------------+----------+
---------------------------------------------------------------------------------
Start IO Insertion
---------------------------------------------------------------------------------
---------------------------------------------------------------------------------
Start Flattening Before IO Insertion
---------------------------------------------------------------------------------
---------------------------------------------------------------------------------
Finished Flattening Before IO Insertion
---------------------------------------------------------------------------------
---------------------------------------------------------------------------------
Start Final Netlist Cleanup
---------------------------------------------------------------------------------
---------------------------------------------------------------------------------
Finished Final Netlist Cleanup
---------------------------------------------------------------------------------
---------------------------------------------------------------------------------
Finished IO Insertion : Time (s): cpu = 00:00:23 ; elapsed = 00:00:26 . Memory (MB): peak = 896.566 ; gain = 544.855
---------------------------------------------------------------------------------

Report Check Netlist: 
+------+------------------+-------+---------+-------+------------------+
|      |Item              |Errors |Warnings |Status |Description       |
+------+------------------+-------+---------+-------+------------------+
|1     |multi_driven_nets |      0|        0|Passed |Multi driven nets |
+------+------------------+-------+---------+-------+------------------+
---------------------------------------------------------------------------------
Start Renaming Generated Instances
---------------------------------------------------------------------------------
---------------------------------------------------------------------------------
Finished Renaming Generated Instances : Time (s): cpu = 00:00:23 ; elapsed = 00:00:26 . Memory (MB): peak = 896.566 ; gain = 544.855
---------------------------------------------------------------------------------

Report RTL Partitions: 
+-+--------------+------------+----------+
| |RTL Partition |Replication |Instances |
+-+--------------+------------+----------+
+-+--------------+------------+----------+
---------------------------------------------------------------------------------
Start Rebuilding User Hierarchy
---------------------------------------------------------------------------------
---------------------------------------------------------------------------------
Finished Rebuilding User Hierarchy : Time (s): cpu = 00:00:23 ; elapsed = 00:00:26 . Memory (MB): peak = 896.566 ; gain = 544.855
---------------------------------------------------------------------------------
---------------------------------------------------------------------------------
Start Renaming Generated Ports
---------------------------------------------------------------------------------
---------------------------------------------------------------------------------
Finished Renaming Generated Ports : Time (s): cpu = 00:00:23 ; elapsed = 00:00:26 . Memory (MB): peak = 896.566 ; gain = 544.855
---------------------------------------------------------------------------------
---------------------------------------------------------------------------------
Start Handling Custom Attributes
---------------------------------------------------------------------------------
---------------------------------------------------------------------------------
Finished Handling Custom Attributes : Time (s): cpu = 00:00:23 ; elapsed = 00:00:26 . Memory (MB): peak = 896.566 ; gain = 544.855
---------------------------------------------------------------------------------
---------------------------------------------------------------------------------
Start Renaming Generated Nets
---------------------------------------------------------------------------------
---------------------------------------------------------------------------------
Finished Renaming Generated Nets : Time (s): cpu = 00:00:23 ; elapsed = 00:00:26 . Memory (MB): peak = 896.566 ; gain = 544.855
---------------------------------------------------------------------------------
---------------------------------------------------------------------------------
Start Writing Synthesis Report
---------------------------------------------------------------------------------

Report BlackBoxes: 
+------+--------------+----------+
|      |BlackBox name |Instances |
+------+--------------+----------+
|1     |clk_wiz_0     |         1|
+------+--------------+----------+

Report Cell Usage: 
+------+----------+------+
|      |Cell      |Count |
+------+----------+------+
|1     |clk_wiz_0 |     1|
|2     |CARRY4    |     6|
|3     |LUT1      |     3|
|4     |LUT2      |    24|
|5     |LUT3      |     2|
|6     |LUT4      |     5|
|7     |LUT6      |     1|
|8     |FDCE      |    27|
|9     |IBUF      |     1|
|10    |OBUF      |     3|
+------+----------+------+

Report Instance Areas: 
+------+---------+--------------+------+
|      |Instance |Module        |Cells |
+------+---------+--------------+------+
|1     |top      |              |    74|
|2     |  cnt    |counter       |     6|
|3     |  div    |clock_divider |    62|
+------+---------+--------------+------+
---------------------------------------------------------------------------------
Finished Writing Synthesis Report : Time (s): cpu = 00:00:23 ; elapsed = 00:00:26 . Memory (MB): peak = 896.566 ; gain = 544.855
---------------------------------------------------------------------------------
Synthesis finished with 0 errors, 0 critical warnings and 1 warnings.
Synthesis Optimization Runtime : Time (s): cpu = 00:00:08 ; elapsed = 00:00:12 . Memory (MB): peak = 896.566 ; gain = 185.695
Synthesis Optimization Complete : Time (s): cpu = 00:00:23 ; elapsed = 00:00:26 . Memory (MB): peak = 896.566 ; gain = 544.855
INFO: [Project 1-571] Translating synthesized netlist
INFO: [Netlist 29-17] Analyzing 7 Unisim elements for replacement
INFO: [Netlist 29-28] Unisim Transformation completed in 0 CPU seconds
INFO: [Project 1-570] Preparing netlist for logic optimization
INFO: [Opt 31-138] Pushed 0 inverter(s) to 0 load pin(s).
INFO: [Project 1-111] Unisim Transformation Summary:
No Unisim elements were transformed.

INFO: [Common 17-83] Releasing license: Synthesis
30 Infos, 12 Warnings, 0 Critical Warnings and 0 Errors encountered.
synth_design completed successfully
synth_design: Time (s): cpu = 00:00:25 ; elapsed = 00:00:28 . Memory (MB): peak = 896.566 ; gain = 556.359
WARNING: [Constraints 18-5210] No constraint will be written out.
INFO: [Common 17-1381] The checkpoint 'D:/Vivado_Projects/Assignment_1/Assignment_1.runs/synth_1/top.dcp' has been generated.
INFO: [runtcl-4] Executing : report_utilization -file top_utilization_synth.rpt -pb top_utilization_synth.pb
report_utilization: Time (s): cpu = 00:00:00 ; elapsed = 00:00:00.023 . Memory (MB): peak = 896.566 ; gain = 0.000
INFO: [Common 17-206] Exiting Vivado at Mon Aug  3 14:39:04 2026...
