#-----------------------------------------------------------
# Vivado v2018.2 (64-bit)
# SW Build 2258646 on Thu Jun 14 20:03:12 MDT 2018
# IP Build 2256618 on Thu Jun 14 22:10:49 MDT 2018
# Start of session at: Wed Jul 22 15:53:18 2026
# Process ID: 6108
# Current directory: C:/Users/johns/Desktop/tasks/ADI/adi_training_summer_2026/fpga_labs/Assignment_2/project_2/project_2.runs/nand_soc_rst_ps7_0_50M_0_synth_1
# Command line: vivado.exe -log nand_soc_rst_ps7_0_50M_0.vds -product Vivado -mode batch -messageDb vivado.pb -notrace -source nand_soc_rst_ps7_0_50M_0.tcl
# Log file: C:/Users/johns/Desktop/tasks/ADI/adi_training_summer_2026/fpga_labs/Assignment_2/project_2/project_2.runs/nand_soc_rst_ps7_0_50M_0_synth_1/nand_soc_rst_ps7_0_50M_0.vds
# Journal file: C:/Users/johns/Desktop/tasks/ADI/adi_training_summer_2026/fpga_labs/Assignment_2/project_2/project_2.runs/nand_soc_rst_ps7_0_50M_0_synth_1\vivado.jou
#-----------------------------------------------------------
source nand_soc_rst_ps7_0_50M_0.tcl -notrace
