Copyright 1986-2018 Xilinx, Inc. All Rights Reserved.
--------------------------------------------------------------------------------------------------------------------------------------------------------------------------------------------
| Tool Version : Vivado v.2018.2 (win64) Build 2258646 Thu Jun 14 20:03:12 MDT 2018
| Date         : Mon Jul 20 13:20:37 2026
| Host         : Martin running 64-bit major release  (build 9200)
| Command      : report_timing_summary -max_paths 10 -file counter_timing_summary_routed.rpt -pb counter_timing_summary_routed.pb -rpx counter_timing_summary_routed.rpx -warn_on_violation
| Design       : counter
| Device       : 7z020-clg484
| Speed File   : -2  PRODUCTION 1.11 2014-09-11
--------------------------------------------------------------------------------------------------------------------------------------------------------------------------------------------

Timing Summary Report

------------------------------------------------------------------------------------------------
| Timer Settings
| --------------
------------------------------------------------------------------------------------------------

  Enable Multi Corner Analysis               :  Yes
  Enable Pessimism Removal                   :  Yes
  Pessimism Removal Resolution               :  Nearest Common Node
  Enable Input Delay Default Clock           :  No
  Enable Preset / Clear Arcs                 :  No
  Disable Flight Delays                      :  No
  Ignore I/O Paths                           :  No
  Timing Early Launch at Borrowing Latches   :  false

  Corner  Analyze    Analyze    
  Name    Max Paths  Min Paths  
  ------  ---------  ---------  
  Slow    Yes        Yes        
  Fast    Yes        Yes        



check_timing report

Table of Contents
-----------------
1. checking no_clock
2. checking constant_clock
3. checking pulse_width_clock
4. checking unconstrained_internal_endpoints
5. checking no_input_delay
6. checking no_output_delay
7. checking multiple_clock
8. checking generated_clocks
9. checking loops
10. checking partial_input_delay
11. checking partial_output_delay
12. checking latch_loops

1. checking no_clock
--------------------
 There are 0 register/latch pins with no clock.


2. checking constant_clock
--------------------------
 There are 0 register/latch pins with constant_clock.


3. checking pulse_width_clock
-----------------------------
 There are 0 register/latch pins which need pulse_width check


4. checking unconstrained_internal_endpoints
--------------------------------------------
 There are 0 pins that are not constrained for maximum delay.

 There are 0 pins that are not constrained for maximum delay due to constant clock.


5. checking no_input_delay
--------------------------
 There are 0 input ports with no input delay specified.

 There is 1 input port with no input delay but user has a false path constraint. (MEDIUM)


6. checking no_output_delay
---------------------------
 There are 0 ports with no output delay specified.

 There are 4 ports with no output delay but user has a false path constraint (MEDIUM)

 There are 0 ports with no output delay but with a timing clock defined on it or propagating through it


7. checking multiple_clock
--------------------------
 There are 0 register/latch pins with multiple clocks.


8. checking generated_clocks
----------------------------
 There are 0 generated clocks that are not connected to a clock source.


9. checking loops
-----------------
 There are 0 combinational loops in the design.


10. checking partial_input_delay
--------------------------------
 There are 0 input ports with partial input delay specified.


11. checking partial_output_delay
---------------------------------
 There are 0 ports with partial output delay specified.


12. checking latch_loops
------------------------
 There are 0 combinational latch loops in the design through latch input



------------------------------------------------------------------------------------------------
| Design Timing Summary
| ---------------------
------------------------------------------------------------------------------------------------

    WNS(ns)      TNS(ns)  TNS Failing Endpoints  TNS Total Endpoints      WHS(ns)      THS(ns)  THS Failing Endpoints  THS Total Endpoints     WPWS(ns)     TPWS(ns)  TPWS Failing Endpoints  TPWS Total Endpoints  
    -------      -------  ---------------------  -------------------      -------      -------  ---------------------  -------------------     --------     --------  ----------------------  --------------------  
      8.725        0.000                      0                    4        0.253        0.000                      0                    4        4.500        0.000                       0                     5  


All user specified timing constraints are met.


------------------------------------------------------------------------------------------------
| Clock Summary
| -------------
------------------------------------------------------------------------------------------------

Clock  Waveform(ns)       Period(ns)      Frequency(MHz)
-----  ------------       ----------      --------------
clk    {0.000 5.000}      10.000          100.000         


------------------------------------------------------------------------------------------------
| Intra Clock Table
| -----------------
------------------------------------------------------------------------------------------------

Clock             WNS(ns)      TNS(ns)  TNS Failing Endpoints  TNS Total Endpoints      WHS(ns)      THS(ns)  THS Failing Endpoints  THS Total Endpoints     WPWS(ns)     TPWS(ns)  TPWS Failing Endpoints  TPWS Total Endpoints  
-----             -------      -------  ---------------------  -------------------      -------      -------  ---------------------  -------------------     --------     --------  ----------------------  --------------------  
clk                 8.725        0.000                      0                    4        0.253        0.000                      0                    4        4.500        0.000                       0                     5  


------------------------------------------------------------------------------------------------
| Inter Clock Table
| -----------------
------------------------------------------------------------------------------------------------

From Clock    To Clock          WNS(ns)      TNS(ns)  TNS Failing Endpoints  TNS Total Endpoints      WHS(ns)      THS(ns)  THS Failing Endpoints  THS Total Endpoints  
----------    --------          -------      -------  ---------------------  -------------------      -------      -------  ---------------------  -------------------  


------------------------------------------------------------------------------------------------
| Other Path Groups Table
| -----------------------
------------------------------------------------------------------------------------------------

Path Group    From Clock    To Clock          WNS(ns)      TNS(ns)  TNS Failing Endpoints  TNS Total Endpoints      WHS(ns)      THS(ns)  THS Failing Endpoints  THS Total Endpoints  
----------    ----------    --------          -------      -------  ---------------------  -------------------      -------      -------  ---------------------  -------------------  


------------------------------------------------------------------------------------------------
| Timing Details
| --------------
------------------------------------------------------------------------------------------------


---------------------------------------------------------------------------------------------------
From Clock:  clk
  To Clock:  clk

Setup :            0  Failing Endpoints,  Worst Slack        8.725ns,  Total Violation        0.000ns
Hold  :            0  Failing Endpoints,  Worst Slack        0.253ns,  Total Violation        0.000ns
PW    :            0  Failing Endpoints,  Worst Slack        4.500ns,  Total Violation        0.000ns
---------------------------------------------------------------------------------------------------


Max Delay Paths
--------------------------------------------------------------------------------------
Slack (MET) :             8.725ns  (required time - arrival time)
  Source:                 counter_reg[1]/C
                            (rising edge-triggered cell FDCE clocked by clk  {rise@0.000ns fall@5.000ns period=10.000ns})
  Destination:            counter_reg[1]/D
                            (rising edge-triggered cell FDCE clocked by clk  {rise@0.000ns fall@5.000ns period=10.000ns})
  Path Group:             clk
  Path Type:              Setup (Max at Slow Process Corner)
  Requirement:            10.000ns  (clk rise@10.000ns - clk rise@0.000ns)
  Data Path Delay:        1.309ns  (logic 0.600ns (45.846%)  route 0.709ns (54.154%))
  Logic Levels:           1  (LUT2=1)
  Clock Path Skew:        0.000ns (DCD - SCD + CPR)
    Destination Clock Delay (DCD):    4.537ns = ( 14.537 - 10.000 ) 
    Source Clock Delay      (SCD):    4.942ns
    Clock Pessimism Removal (CPR):    0.405ns
  Clock Uncertainty:      0.035ns  ((TSJ^2 + TIJ^2)^1/2 + DJ) / 2 + PE
    Total System Jitter     (TSJ):    0.071ns
    Total Input Jitter      (TIJ):    0.000ns
    Discrete Jitter          (DJ):    0.000ns
    Phase Error              (PE):    0.000ns

    Location             Delay type                Incr(ns)  Path(ns)    Netlist Resource(s)
  -------------------------------------------------------------------    -------------------
                         (clock clk rise edge)        0.000     0.000 r  
    Y9                                                0.000     0.000 r  clk (IN)
                         net (fo=0)                   0.000     0.000    clk
    Y9                   IBUF (Prop_ibuf_I_O)         1.421     1.421 r  clk_IBUF_inst/O
                         net (fo=1, routed)           1.843     3.264    clk_IBUF
    BUFGCTRL_X0Y0        BUFG (Prop_bufg_I_O)         0.085     3.349 r  clk_IBUF_BUFG_inst/O
                         net (fo=4, routed)           1.593     4.942    clk_IBUF_BUFG
    SLICE_X113Y1         FDCE                                         r  counter_reg[1]/C
  -------------------------------------------------------------------    -------------------
    SLICE_X113Y1         FDCE (Prop_fdce_C_Q)         0.348     5.290 r  counter_reg[1]/Q
                         net (fo=4, routed)           0.709     5.999    counter_OBUF[1]
    SLICE_X113Y1         LUT2 (Prop_lut2_I1_O)        0.252     6.251 r  counter[1]_i_1/O
                         net (fo=1, routed)           0.000     6.251    p_0_in[1]
    SLICE_X113Y1         FDCE                                         r  counter_reg[1]/D
  -------------------------------------------------------------------    -------------------

                         (clock clk rise edge)       10.000    10.000 r  
    Y9                                                0.000    10.000 r  clk (IN)
                         net (fo=0)                   0.000    10.000    clk
    Y9                   IBUF (Prop_ibuf_I_O)         1.355    11.355 r  clk_IBUF_inst/O
                         net (fo=1, routed)           1.673    13.029    clk_IBUF
    BUFGCTRL_X0Y0        BUFG (Prop_bufg_I_O)         0.077    13.106 r  clk_IBUF_BUFG_inst/O
                         net (fo=4, routed)           1.432    14.537    clk_IBUF_BUFG
    SLICE_X113Y1         FDCE                                         r  counter_reg[1]/C
                         clock pessimism              0.405    14.942    
                         clock uncertainty           -0.035    14.907    
    SLICE_X113Y1         FDCE (Setup_fdce_C_D)        0.069    14.976    counter_reg[1]
  -------------------------------------------------------------------
                         required time                         14.976    
                         arrival time                          -6.251    
  -------------------------------------------------------------------
                         slack                                  8.725    

Slack (MET) :             8.869ns  (required time - arrival time)
  Source:                 counter_reg[3]/C
                            (rising edge-triggered cell FDCE clocked by clk  {rise@0.000ns fall@5.000ns period=10.000ns})
  Destination:            counter_reg[3]/D
                            (rising edge-triggered cell FDCE clocked by clk  {rise@0.000ns fall@5.000ns period=10.000ns})
  Path Group:             clk
  Path Type:              Setup (Max at Slow Process Corner)
  Requirement:            10.000ns  (clk rise@10.000ns - clk rise@0.000ns)
  Data Path Delay:        1.164ns  (logic 0.601ns (51.618%)  route 0.563ns (48.383%))
  Logic Levels:           1  (LUT4=1)
  Clock Path Skew:        0.000ns (DCD - SCD + CPR)
    Destination Clock Delay (DCD):    4.537ns = ( 14.537 - 10.000 ) 
    Source Clock Delay      (SCD):    4.942ns
    Clock Pessimism Removal (CPR):    0.405ns
  Clock Uncertainty:      0.035ns  ((TSJ^2 + TIJ^2)^1/2 + DJ) / 2 + PE
    Total System Jitter     (TSJ):    0.071ns
    Total Input Jitter      (TIJ):    0.000ns
    Discrete Jitter          (DJ):    0.000ns
    Phase Error              (PE):    0.000ns

    Location             Delay type                Incr(ns)  Path(ns)    Netlist Resource(s)
  -------------------------------------------------------------------    -------------------
                         (clock clk rise edge)        0.000     0.000 r  
    Y9                                                0.000     0.000 r  clk (IN)
                         net (fo=0)                   0.000     0.000    clk
    Y9                   IBUF (Prop_ibuf_I_O)         1.421     1.421 r  clk_IBUF_inst/O
                         net (fo=1, routed)           1.843     3.264    clk_IBUF
    BUFGCTRL_X0Y0        BUFG (Prop_bufg_I_O)         0.085     3.349 r  clk_IBUF_BUFG_inst/O
                         net (fo=4, routed)           1.593     4.942    clk_IBUF_BUFG
    SLICE_X113Y1         FDCE                                         r  counter_reg[3]/C
  -------------------------------------------------------------------    -------------------
    SLICE_X113Y1         FDCE (Prop_fdce_C_Q)         0.348     5.290 r  counter_reg[3]/Q
                         net (fo=2, routed)           0.563     5.854    counter_OBUF[3]
    SLICE_X113Y1         LUT4 (Prop_lut4_I3_O)        0.253     6.107 r  counter[3]_i_1/O
                         net (fo=1, routed)           0.000     6.107    p_0_in[3]
    SLICE_X113Y1         FDCE                                         r  counter_reg[3]/D
  -------------------------------------------------------------------    -------------------

                         (clock clk rise edge)       10.000    10.000 r  
    Y9                                                0.000    10.000 r  clk (IN)
                         net (fo=0)                   0.000    10.000    clk
    Y9                   IBUF (Prop_ibuf_I_O)         1.355    11.355 r  clk_IBUF_inst/O
                         net (fo=1, routed)           1.673    13.029    clk_IBUF
    BUFGCTRL_X0Y0        BUFG (Prop_bufg_I_O)         0.077    13.106 r  clk_IBUF_BUFG_inst/O
                         net (fo=4, routed)           1.432    14.537    clk_IBUF_BUFG
    SLICE_X113Y1         FDCE                                         r  counter_reg[3]/C
                         clock pessimism              0.405    14.942    
                         clock uncertainty           -0.035    14.907    
    SLICE_X113Y1         FDCE (Setup_fdce_C_D)        0.069    14.976    counter_reg[3]
  -------------------------------------------------------------------
                         required time                         14.976    
                         arrival time                          -6.107    
  -------------------------------------------------------------------
                         slack                                  8.869    

Slack (MET) :             8.961ns  (required time - arrival time)
  Source:                 counter_reg[2]/C
                            (rising edge-triggered cell FDCE clocked by clk  {rise@0.000ns fall@5.000ns period=10.000ns})
  Destination:            counter_reg[2]/D
                            (rising edge-triggered cell FDCE clocked by clk  {rise@0.000ns fall@5.000ns period=10.000ns})
  Path Group:             clk
  Path Type:              Setup (Max at Slow Process Corner)
  Requirement:            10.000ns  (clk rise@10.000ns - clk rise@0.000ns)
  Data Path Delay:        1.036ns  (logic 0.484ns (46.713%)  route 0.552ns (53.287%))
  Logic Levels:           1  (LUT3=1)
  Clock Path Skew:        0.000ns (DCD - SCD + CPR)
    Destination Clock Delay (DCD):    4.537ns = ( 14.537 - 10.000 ) 
    Source Clock Delay      (SCD):    4.942ns
    Clock Pessimism Removal (CPR):    0.405ns
  Clock Uncertainty:      0.035ns  ((TSJ^2 + TIJ^2)^1/2 + DJ) / 2 + PE
    Total System Jitter     (TSJ):    0.071ns
    Total Input Jitter      (TIJ):    0.000ns
    Discrete Jitter          (DJ):    0.000ns
    Phase Error              (PE):    0.000ns

    Location             Delay type                Incr(ns)  Path(ns)    Netlist Resource(s)
  -------------------------------------------------------------------    -------------------
                         (clock clk rise edge)        0.000     0.000 r  
    Y9                                                0.000     0.000 r  clk (IN)
                         net (fo=0)                   0.000     0.000    clk
    Y9                   IBUF (Prop_ibuf_I_O)         1.421     1.421 r  clk_IBUF_inst/O
                         net (fo=1, routed)           1.843     3.264    clk_IBUF
    BUFGCTRL_X0Y0        BUFG (Prop_bufg_I_O)         0.085     3.349 r  clk_IBUF_BUFG_inst/O
                         net (fo=4, routed)           1.593     4.942    clk_IBUF_BUFG
    SLICE_X113Y1         FDCE                                         r  counter_reg[2]/C
  -------------------------------------------------------------------    -------------------
    SLICE_X113Y1         FDCE (Prop_fdce_C_Q)         0.379     5.321 r  counter_reg[2]/Q
                         net (fo=3, routed)           0.552     5.874    counter_OBUF[2]
    SLICE_X113Y1         LUT3 (Prop_lut3_I2_O)        0.105     5.979 r  counter[2]_i_1/O
                         net (fo=1, routed)           0.000     5.979    p_0_in[2]
    SLICE_X113Y1         FDCE                                         r  counter_reg[2]/D
  -------------------------------------------------------------------    -------------------

                         (clock clk rise edge)       10.000    10.000 r  
    Y9                                                0.000    10.000 r  clk (IN)
                         net (fo=0)                   0.000    10.000    clk
    Y9                   IBUF (Prop_ibuf_I_O)         1.355    11.355 r  clk_IBUF_inst/O
                         net (fo=1, routed)           1.673    13.029    clk_IBUF
    BUFGCTRL_X0Y0        BUFG (Prop_bufg_I_O)         0.077    13.106 r  clk_IBUF_BUFG_inst/O
                         net (fo=4, routed)           1.432    14.537    clk_IBUF_BUFG
    SLICE_X113Y1         FDCE                                         r  counter_reg[2]/C
                         clock pessimism              0.405    14.942    
                         clock uncertainty           -0.035    14.907    
    SLICE_X113Y1         FDCE (Setup_fdce_C_D)        0.032    14.939    counter_reg[2]
  -------------------------------------------------------------------
                         required time                         14.939    
                         arrival time                          -5.979    
  -------------------------------------------------------------------
                         slack                                  8.961    

Slack (MET) :             9.093ns  (required time - arrival time)
  Source:                 counter_reg[0]/C
                            (rising edge-triggered cell FDCE clocked by clk  {rise@0.000ns fall@5.000ns period=10.000ns})
  Destination:            counter_reg[0]/D
                            (rising edge-triggered cell FDCE clocked by clk  {rise@0.000ns fall@5.000ns period=10.000ns})
  Path Group:             clk
  Path Type:              Setup (Max at Slow Process Corner)
  Requirement:            10.000ns  (clk rise@10.000ns - clk rise@0.000ns)
  Data Path Delay:        0.901ns  (logic 0.484ns (53.690%)  route 0.417ns (46.310%))
  Logic Levels:           1  (LUT1=1)
  Clock Path Skew:        0.000ns (DCD - SCD + CPR)
    Destination Clock Delay (DCD):    4.537ns = ( 14.537 - 10.000 ) 
    Source Clock Delay      (SCD):    4.942ns
    Clock Pessimism Removal (CPR):    0.405ns
  Clock Uncertainty:      0.035ns  ((TSJ^2 + TIJ^2)^1/2 + DJ) / 2 + PE
    Total System Jitter     (TSJ):    0.071ns
    Total Input Jitter      (TIJ):    0.000ns
    Discrete Jitter          (DJ):    0.000ns
    Phase Error              (PE):    0.000ns

    Location             Delay type                Incr(ns)  Path(ns)    Netlist Resource(s)
  -------------------------------------------------------------------    -------------------
                         (clock clk rise edge)        0.000     0.000 r  
    Y9                                                0.000     0.000 r  clk (IN)
                         net (fo=0)                   0.000     0.000    clk
    Y9                   IBUF (Prop_ibuf_I_O)         1.421     1.421 r  clk_IBUF_inst/O
                         net (fo=1, routed)           1.843     3.264    clk_IBUF
    BUFGCTRL_X0Y0        BUFG (Prop_bufg_I_O)         0.085     3.349 r  clk_IBUF_BUFG_inst/O
                         net (fo=4, routed)           1.593     4.942    clk_IBUF_BUFG
    SLICE_X113Y1         FDCE                                         r  counter_reg[0]/C
  -------------------------------------------------------------------    -------------------
    SLICE_X113Y1         FDCE (Prop_fdce_C_Q)         0.379     5.321 f  counter_reg[0]/Q
                         net (fo=5, routed)           0.417     5.739    counter_OBUF[0]
    SLICE_X113Y1         LUT1 (Prop_lut1_I0_O)        0.105     5.844 r  counter[0]_i_1/O
                         net (fo=1, routed)           0.000     5.844    p_0_in[0]
    SLICE_X113Y1         FDCE                                         r  counter_reg[0]/D
  -------------------------------------------------------------------    -------------------

                         (clock clk rise edge)       10.000    10.000 r  
    Y9                                                0.000    10.000 r  clk (IN)
                         net (fo=0)                   0.000    10.000    clk
    Y9                   IBUF (Prop_ibuf_I_O)         1.355    11.355 r  clk_IBUF_inst/O
                         net (fo=1, routed)           1.673    13.029    clk_IBUF
    BUFGCTRL_X0Y0        BUFG (Prop_bufg_I_O)         0.077    13.106 r  clk_IBUF_BUFG_inst/O
                         net (fo=4, routed)           1.432    14.537    clk_IBUF_BUFG
    SLICE_X113Y1         FDCE                                         r  counter_reg[0]/C
                         clock pessimism              0.405    14.942    
                         clock uncertainty           -0.035    14.907    
    SLICE_X113Y1         FDCE (Setup_fdce_C_D)        0.030    14.937    counter_reg[0]
  -------------------------------------------------------------------
                         required time                         14.937    
                         arrival time                          -5.844    
  -------------------------------------------------------------------
                         slack                                  9.093    





Min Delay Paths
--------------------------------------------------------------------------------------
Slack (MET) :             0.253ns  (arrival time - required time)
  Source:                 counter_reg[0]/C
                            (rising edge-triggered cell FDCE clocked by clk  {rise@0.000ns fall@5.000ns period=10.000ns})
  Destination:            counter_reg[1]/D
                            (rising edge-triggered cell FDCE clocked by clk  {rise@0.000ns fall@5.000ns period=10.000ns})
  Path Group:             clk
  Path Type:              Hold (Min at Fast Process Corner)
  Requirement:            0.000ns  (clk rise@0.000ns - clk rise@0.000ns)
  Data Path Delay:        0.360ns  (logic 0.183ns (50.766%)  route 0.177ns (49.234%))
  Logic Levels:           1  (LUT2=1)
  Clock Path Skew:        0.000ns (DCD - SCD - CPR)
    Destination Clock Delay (DCD):    2.106ns
    Source Clock Delay      (SCD):    1.588ns
    Clock Pessimism Removal (CPR):    0.518ns

    Location             Delay type                Incr(ns)  Path(ns)    Netlist Resource(s)
  -------------------------------------------------------------------    -------------------
                         (clock clk rise edge)        0.000     0.000 r  
    Y9                                                0.000     0.000 r  clk (IN)
                         net (fo=0)                   0.000     0.000    clk
    Y9                   IBUF (Prop_ibuf_I_O)         0.258     0.258 r  clk_IBUF_inst/O
                         net (fo=1, routed)           0.663     0.921    clk_IBUF
    BUFGCTRL_X0Y0        BUFG (Prop_bufg_I_O)         0.026     0.947 r  clk_IBUF_BUFG_inst/O
                         net (fo=4, routed)           0.641     1.588    clk_IBUF_BUFG
    SLICE_X113Y1         FDCE                                         r  counter_reg[0]/C
  -------------------------------------------------------------------    -------------------
    SLICE_X113Y1         FDCE (Prop_fdce_C_Q)         0.141     1.729 r  counter_reg[0]/Q
                         net (fo=5, routed)           0.177     1.906    counter_OBUF[0]
    SLICE_X113Y1         LUT2 (Prop_lut2_I0_O)        0.042     1.948 r  counter[1]_i_1/O
                         net (fo=1, routed)           0.000     1.948    p_0_in[1]
    SLICE_X113Y1         FDCE                                         r  counter_reg[1]/D
  -------------------------------------------------------------------    -------------------

                         (clock clk rise edge)        0.000     0.000 r  
    Y9                                                0.000     0.000 r  clk (IN)
                         net (fo=0)                   0.000     0.000    clk
    Y9                   IBUF (Prop_ibuf_I_O)         0.446     0.446 r  clk_IBUF_inst/O
                         net (fo=1, routed)           0.719     1.165    clk_IBUF
    BUFGCTRL_X0Y0        BUFG (Prop_bufg_I_O)         0.029     1.194 r  clk_IBUF_BUFG_inst/O
                         net (fo=4, routed)           0.912     2.106    clk_IBUF_BUFG
    SLICE_X113Y1         FDCE                                         r  counter_reg[1]/C
                         clock pessimism             -0.518     1.588    
    SLICE_X113Y1         FDCE (Hold_fdce_C_D)         0.107     1.695    counter_reg[1]
  -------------------------------------------------------------------
                         required time                         -1.695    
                         arrival time                           1.948    
  -------------------------------------------------------------------
                         slack                                  0.253    

Slack (MET) :             0.256ns  (arrival time - required time)
  Source:                 counter_reg[0]/C
                            (rising edge-triggered cell FDCE clocked by clk  {rise@0.000ns fall@5.000ns period=10.000ns})
  Destination:            counter_reg[3]/D
                            (rising edge-triggered cell FDCE clocked by clk  {rise@0.000ns fall@5.000ns period=10.000ns})
  Path Group:             clk
  Path Type:              Hold (Min at Fast Process Corner)
  Requirement:            0.000ns  (clk rise@0.000ns - clk rise@0.000ns)
  Data Path Delay:        0.363ns  (logic 0.184ns (50.622%)  route 0.179ns (49.378%))
  Logic Levels:           1  (LUT4=1)
  Clock Path Skew:        0.000ns (DCD - SCD - CPR)
    Destination Clock Delay (DCD):    2.106ns
    Source Clock Delay      (SCD):    1.588ns
    Clock Pessimism Removal (CPR):    0.518ns

    Location             Delay type                Incr(ns)  Path(ns)    Netlist Resource(s)
  -------------------------------------------------------------------    -------------------
                         (clock clk rise edge)        0.000     0.000 r  
    Y9                                                0.000     0.000 r  clk (IN)
                         net (fo=0)                   0.000     0.000    clk
    Y9                   IBUF (Prop_ibuf_I_O)         0.258     0.258 r  clk_IBUF_inst/O
                         net (fo=1, routed)           0.663     0.921    clk_IBUF
    BUFGCTRL_X0Y0        BUFG (Prop_bufg_I_O)         0.026     0.947 r  clk_IBUF_BUFG_inst/O
                         net (fo=4, routed)           0.641     1.588    clk_IBUF_BUFG
    SLICE_X113Y1         FDCE                                         r  counter_reg[0]/C
  -------------------------------------------------------------------    -------------------
    SLICE_X113Y1         FDCE (Prop_fdce_C_Q)         0.141     1.729 r  counter_reg[0]/Q
                         net (fo=5, routed)           0.179     1.908    counter_OBUF[0]
    SLICE_X113Y1         LUT4 (Prop_lut4_I1_O)        0.043     1.951 r  counter[3]_i_1/O
                         net (fo=1, routed)           0.000     1.951    p_0_in[3]
    SLICE_X113Y1         FDCE                                         r  counter_reg[3]/D
  -------------------------------------------------------------------    -------------------

                         (clock clk rise edge)        0.000     0.000 r  
    Y9                                                0.000     0.000 r  clk (IN)
                         net (fo=0)                   0.000     0.000    clk
    Y9                   IBUF (Prop_ibuf_I_O)         0.446     0.446 r  clk_IBUF_inst/O
                         net (fo=1, routed)           0.719     1.165    clk_IBUF
    BUFGCTRL_X0Y0        BUFG (Prop_bufg_I_O)         0.029     1.194 r  clk_IBUF_BUFG_inst/O
                         net (fo=4, routed)           0.912     2.106    clk_IBUF_BUFG
    SLICE_X113Y1         FDCE                                         r  counter_reg[3]/C
                         clock pessimism             -0.518     1.588    
    SLICE_X113Y1         FDCE (Hold_fdce_C_D)         0.107     1.695    counter_reg[3]
  -------------------------------------------------------------------
                         required time                         -1.695    
                         arrival time                           1.951    
  -------------------------------------------------------------------
                         slack                                  0.256    

Slack (MET) :             0.272ns  (arrival time - required time)
  Source:                 counter_reg[0]/C
                            (rising edge-triggered cell FDCE clocked by clk  {rise@0.000ns fall@5.000ns period=10.000ns})
  Destination:            counter_reg[0]/D
                            (rising edge-triggered cell FDCE clocked by clk  {rise@0.000ns fall@5.000ns period=10.000ns})
  Path Group:             clk
  Path Type:              Hold (Min at Fast Process Corner)
  Requirement:            0.000ns  (clk rise@0.000ns - clk rise@0.000ns)
  Data Path Delay:        0.363ns  (logic 0.186ns (51.173%)  route 0.177ns (48.828%))
  Logic Levels:           1  (LUT1=1)
  Clock Path Skew:        0.000ns (DCD - SCD - CPR)
    Destination Clock Delay (DCD):    2.106ns
    Source Clock Delay      (SCD):    1.588ns
    Clock Pessimism Removal (CPR):    0.518ns

    Location             Delay type                Incr(ns)  Path(ns)    Netlist Resource(s)
  -------------------------------------------------------------------    -------------------
                         (clock clk rise edge)        0.000     0.000 r  
    Y9                                                0.000     0.000 r  clk (IN)
                         net (fo=0)                   0.000     0.000    clk
    Y9                   IBUF (Prop_ibuf_I_O)         0.258     0.258 r  clk_IBUF_inst/O
                         net (fo=1, routed)           0.663     0.921    clk_IBUF
    BUFGCTRL_X0Y0        BUFG (Prop_bufg_I_O)         0.026     0.947 r  clk_IBUF_BUFG_inst/O
                         net (fo=4, routed)           0.641     1.588    clk_IBUF_BUFG
    SLICE_X113Y1         FDCE                                         r  counter_reg[0]/C
  -------------------------------------------------------------------    -------------------
    SLICE_X113Y1         FDCE (Prop_fdce_C_Q)         0.141     1.729 f  counter_reg[0]/Q
                         net (fo=5, routed)           0.177     1.906    counter_OBUF[0]
    SLICE_X113Y1         LUT1 (Prop_lut1_I0_O)        0.045     1.951 r  counter[0]_i_1/O
                         net (fo=1, routed)           0.000     1.951    p_0_in[0]
    SLICE_X113Y1         FDCE                                         r  counter_reg[0]/D
  -------------------------------------------------------------------    -------------------

                         (clock clk rise edge)        0.000     0.000 r  
    Y9                                                0.000     0.000 r  clk (IN)
                         net (fo=0)                   0.000     0.000    clk
    Y9                   IBUF (Prop_ibuf_I_O)         0.446     0.446 r  clk_IBUF_inst/O
                         net (fo=1, routed)           0.719     1.165    clk_IBUF
    BUFGCTRL_X0Y0        BUFG (Prop_bufg_I_O)         0.029     1.194 r  clk_IBUF_BUFG_inst/O
                         net (fo=4, routed)           0.912     2.106    clk_IBUF_BUFG
    SLICE_X113Y1         FDCE                                         r  counter_reg[0]/C
                         clock pessimism             -0.518     1.588    
    SLICE_X113Y1         FDCE (Hold_fdce_C_D)         0.091     1.679    counter_reg[0]
  -------------------------------------------------------------------
                         required time                         -1.679    
                         arrival time                           1.951    
  -------------------------------------------------------------------
                         slack                                  0.272    

Slack (MET) :             0.273ns  (arrival time - required time)
  Source:                 counter_reg[0]/C
                            (rising edge-triggered cell FDCE clocked by clk  {rise@0.000ns fall@5.000ns period=10.000ns})
  Destination:            counter_reg[2]/D
                            (rising edge-triggered cell FDCE clocked by clk  {rise@0.000ns fall@5.000ns period=10.000ns})
  Path Group:             clk
  Path Type:              Hold (Min at Fast Process Corner)
  Requirement:            0.000ns  (clk rise@0.000ns - clk rise@0.000ns)
  Data Path Delay:        0.365ns  (logic 0.186ns (50.892%)  route 0.179ns (49.108%))
  Logic Levels:           1  (LUT3=1)
  Clock Path Skew:        0.000ns (DCD - SCD - CPR)
    Destination Clock Delay (DCD):    2.106ns
    Source Clock Delay      (SCD):    1.588ns
    Clock Pessimism Removal (CPR):    0.518ns

    Location             Delay type                Incr(ns)  Path(ns)    Netlist Resource(s)
  -------------------------------------------------------------------    -------------------
                         (clock clk rise edge)        0.000     0.000 r  
    Y9                                                0.000     0.000 r  clk (IN)
                         net (fo=0)                   0.000     0.000    clk
    Y9                   IBUF (Prop_ibuf_I_O)         0.258     0.258 r  clk_IBUF_inst/O
                         net (fo=1, routed)           0.663     0.921    clk_IBUF
    BUFGCTRL_X0Y0        BUFG (Prop_bufg_I_O)         0.026     0.947 r  clk_IBUF_BUFG_inst/O
                         net (fo=4, routed)           0.641     1.588    clk_IBUF_BUFG
    SLICE_X113Y1         FDCE                                         r  counter_reg[0]/C
  -------------------------------------------------------------------    -------------------
    SLICE_X113Y1         FDCE (Prop_fdce_C_Q)         0.141     1.729 r  counter_reg[0]/Q
                         net (fo=5, routed)           0.179     1.908    counter_OBUF[0]
    SLICE_X113Y1         LUT3 (Prop_lut3_I0_O)        0.045     1.953 r  counter[2]_i_1/O
                         net (fo=1, routed)           0.000     1.953    p_0_in[2]
    SLICE_X113Y1         FDCE                                         r  counter_reg[2]/D
  -------------------------------------------------------------------    -------------------

                         (clock clk rise edge)        0.000     0.000 r  
    Y9                                                0.000     0.000 r  clk (IN)
                         net (fo=0)                   0.000     0.000    clk
    Y9                   IBUF (Prop_ibuf_I_O)         0.446     0.446 r  clk_IBUF_inst/O
                         net (fo=1, routed)           0.719     1.165    clk_IBUF
    BUFGCTRL_X0Y0        BUFG (Prop_bufg_I_O)         0.029     1.194 r  clk_IBUF_BUFG_inst/O
                         net (fo=4, routed)           0.912     2.106    clk_IBUF_BUFG
    SLICE_X113Y1         FDCE                                         r  counter_reg[2]/C
                         clock pessimism             -0.518     1.588    
    SLICE_X113Y1         FDCE (Hold_fdce_C_D)         0.092     1.680    counter_reg[2]
  -------------------------------------------------------------------
                         required time                         -1.680    
                         arrival time                           1.953    
  -------------------------------------------------------------------
                         slack                                  0.273    





Pulse Width Checks
--------------------------------------------------------------------------------------
Clock Name:         clk
Waveform(ns):       { 0.000 5.000 }
Period(ns):         10.000
Sources:            { clk }

Check Type        Corner  Lib Pin  Reference Pin  Required(ns)  Actual(ns)  Slack(ns)  Location       Pin
Min Period        n/a     BUFG/I   n/a            1.592         10.000      8.408      BUFGCTRL_X0Y0  clk_IBUF_BUFG_inst/I
Min Period        n/a     FDCE/C   n/a            1.000         10.000      9.000      SLICE_X113Y1   counter_reg[0]/C
Min Period        n/a     FDCE/C   n/a            1.000         10.000      9.000      SLICE_X113Y1   counter_reg[1]/C
Min Period        n/a     FDCE/C   n/a            1.000         10.000      9.000      SLICE_X113Y1   counter_reg[2]/C
Min Period        n/a     FDCE/C   n/a            1.000         10.000      9.000      SLICE_X113Y1   counter_reg[3]/C
Low Pulse Width   Fast    FDCE/C   n/a            0.500         5.000       4.500      SLICE_X113Y1   counter_reg[0]/C
Low Pulse Width   Fast    FDCE/C   n/a            0.500         5.000       4.500      SLICE_X113Y1   counter_reg[1]/C
Low Pulse Width   Fast    FDCE/C   n/a            0.500         5.000       4.500      SLICE_X113Y1   counter_reg[2]/C
Low Pulse Width   Fast    FDCE/C   n/a            0.500         5.000       4.500      SLICE_X113Y1   counter_reg[3]/C
Low Pulse Width   Slow    FDCE/C   n/a            0.500         5.000       4.500      SLICE_X113Y1   counter_reg[0]/C
Low Pulse Width   Slow    FDCE/C   n/a            0.500         5.000       4.500      SLICE_X113Y1   counter_reg[1]/C
Low Pulse Width   Slow    FDCE/C   n/a            0.500         5.000       4.500      SLICE_X113Y1   counter_reg[2]/C
Low Pulse Width   Slow    FDCE/C   n/a            0.500         5.000       4.500      SLICE_X113Y1   counter_reg[3]/C
High Pulse Width  Slow    FDCE/C   n/a            0.500         5.000       4.500      SLICE_X113Y1   counter_reg[0]/C
High Pulse Width  Slow    FDCE/C   n/a            0.500         5.000       4.500      SLICE_X113Y1   counter_reg[1]/C
High Pulse Width  Slow    FDCE/C   n/a            0.500         5.000       4.500      SLICE_X113Y1   counter_reg[2]/C
High Pulse Width  Slow    FDCE/C   n/a            0.500         5.000       4.500      SLICE_X113Y1   counter_reg[3]/C
High Pulse Width  Fast    FDCE/C   n/a            0.500         5.000       4.500      SLICE_X113Y1   counter_reg[0]/C
High Pulse Width  Fast    FDCE/C   n/a            0.500         5.000       4.500      SLICE_X113Y1   counter_reg[1]/C
High Pulse Width  Fast    FDCE/C   n/a            0.500         5.000       4.500      SLICE_X113Y1   counter_reg[2]/C
High Pulse Width  Fast    FDCE/C   n/a            0.500         5.000       4.500      SLICE_X113Y1   counter_reg[3]/C



