
*** Running vivado
    with args -log counter.vdi -applog -m64 -product Vivado -messageDb vivado.pb -mode batch -source counter.tcl -notrace


****** Vivado v2018.2 (64-bit)
  **** SW Build 2258646 on Thu Jun 14 20:03:12 MDT 2018
  **** IP Build 2256618 on Thu Jun 14 22:10:49 MDT 2018
    ** Copyright 1986-2018 Xilinx, Inc. All Rights Reserved.

source counter.tcl -notrace
Command: open_checkpoint C:/Users/johns/project_2/project_2.runs/impl_1/counter.dcp

Starting open_checkpoint Task

Time (s): cpu = 00:00:00 ; elapsed = 00:00:00.121 . Memory (MB): peak = 238.273 ; gain = 0.000
INFO: [Netlist 29-17] Analyzing 2 Unisim elements for replacement
INFO: [Netlist 29-28] Unisim Transformation completed in 1 CPU seconds
INFO: [Project 1-479] Netlist was created with Vivado 2018.2
INFO: [Device 21-403] Loading part xc7z020clg484-2
INFO: [Project 1-570] Preparing netlist for logic optimization
INFO: [Timing 38-478] Restoring timing data from binary archive.
INFO: [Timing 38-479] Binary timing data restore complete.
INFO: [Project 1-856] Restoring constraints from binary archive.
INFO: [Project 1-853] Binary constraint restore complete.
Reading XDEF placement.
Reading placer database...
Reading XDEF routing.
Read XDEF File: Time (s): cpu = 00:00:01 ; elapsed = 00:00:00.267 . Memory (MB): peak = 1159.855 ; gain = 0.000
Restored from archive | CPU: 1.000000 secs | Memory: 0.000000 MB |
Finished XDEF File Restore: Time (s): cpu = 00:00:01 ; elapsed = 00:00:00.267 . Memory (MB): peak = 1159.855 ; gain = 0.000
INFO: [Project 1-111] Unisim Transformation Summary:
No Unisim elements were transformed.

INFO: [Project 1-604] Checkpoint was created with Vivado v2018.2 (64-bit) build 2258646
open_checkpoint: Time (s): cpu = 00:01:22 ; elapsed = 00:01:45 . Memory (MB): peak = 1159.855 ; gain = 929.855
Command: opt_design
Attempting to get a license for feature 'Implementation' and/or device 'xc7z020'
INFO: [Common 17-349] Got license for feature 'Implementation' and/or device 'xc7z020'
Running DRC as a precondition to command opt_design

Starting DRC Task
INFO: [DRC 23-27] Running DRC with 2 threads
INFO: [Project 1-461] DRC finished with 0 Errors
INFO: [Project 1-462] Please refer to the DRC report (report_drc) for more information.

Time (s): cpu = 00:00:01 ; elapsed = 00:00:01 . Memory (MB): peak = 1159.855 ; gain = 0.000

Starting Cache Timing Information Task
INFO: [Timing 38-35] Done setting XDC timing constraints.
Ending Cache Timing Information Task | Checksum: 18e6831fd

Time (s): cpu = 00:00:00 ; elapsed = 00:00:00.099 . Memory (MB): peak = 1204.438 ; gain = 44.582

Starting Logic Optimization Task

Phase 1 Retarget
INFO: [Opt 31-138] Pushed 0 inverter(s) to 0 load pin(s).
INFO: [Opt 31-49] Retargeted 0 cell(s).
Phase 1 Retarget | Checksum: 18e6831fd

Time (s): cpu = 00:00:00 ; elapsed = 00:00:00.070 . Memory (MB): peak = 1204.438 ; gain = 0.000
INFO: [Opt 31-389] Phase Retarget created 0 cells and removed 0 cells

Phase 2 Constant propagation
INFO: [Opt 31-138] Pushed 0 inverter(s) to 0 load pin(s).
Phase 2 Constant propagation | Checksum: 18e6831fd

Time (s): cpu = 00:00:00 ; elapsed = 00:00:00.074 . Memory (MB): peak = 1204.438 ; gain = 0.000
INFO: [Opt 31-389] Phase Constant propagation created 0 cells and removed 0 cells

Phase 3 Sweep
Phase 3 Sweep | Checksum: 18e6831fd

Time (s): cpu = 00:00:00 ; elapsed = 00:00:00.080 . Memory (MB): peak = 1204.438 ; gain = 0.000
INFO: [Opt 31-389] Phase Sweep created 0 cells and removed 0 cells

Phase 4 BUFG optimization
Phase 4 BUFG optimization | Checksum: 18e6831fd

Time (s): cpu = 00:00:00 ; elapsed = 00:00:00.087 . Memory (MB): peak = 1204.438 ; gain = 0.000
INFO: [Opt 31-662] Phase BUFG optimization created 0 cells of which 0 are BUFGs and removed 0 cells.

Phase 5 Shift Register Optimization
Phase 5 Shift Register Optimization | Checksum: 18e6831fd

Time (s): cpu = 00:00:00 ; elapsed = 00:00:00.093 . Memory (MB): peak = 1204.438 ; gain = 0.000
INFO: [Opt 31-389] Phase Shift Register Optimization created 0 cells and removed 0 cells

Phase 6 Post Processing Netlist
Phase 6 Post Processing Netlist | Checksum: 18e6831fd

Time (s): cpu = 00:00:00 ; elapsed = 00:00:00.096 . Memory (MB): peak = 1204.438 ; gain = 0.000
INFO: [Opt 31-389] Phase Post Processing Netlist created 0 cells and removed 0 cells

Starting Connectivity Check Task

Time (s): cpu = 00:00:00 ; elapsed = 00:00:00.001 . Memory (MB): peak = 1204.438 ; gain = 0.000
Ending Logic Optimization Task | Checksum: 18e6831fd

Time (s): cpu = 00:00:00 ; elapsed = 00:00:00.099 . Memory (MB): peak = 1204.438 ; gain = 0.000

Starting Power Optimization Task
INFO: [Pwropt 34-132] Skipping clock gating for clocks with a period < 2.00 ns.
Ending Power Optimization Task | Checksum: 18e6831fd

Time (s): cpu = 00:00:00 ; elapsed = 00:00:00.057 . Memory (MB): peak = 1204.438 ; gain = 0.000

Starting Final Cleanup Task
Ending Final Cleanup Task | Checksum: 18e6831fd

Time (s): cpu = 00:00:00 ; elapsed = 00:00:00 . Memory (MB): peak = 1204.438 ; gain = 0.000
INFO: [Common 17-83] Releasing license: Implementation
27 Infos, 0 Warnings, 0 Critical Warnings and 0 Errors encountered.
opt_design completed successfully
INFO: [Timing 38-480] Writing timing data to binary archive.
Writing placer database...
Writing XDEF routing.
Writing XDEF routing logical nets.
Writing XDEF routing special nets.
Write XDEF Complete: Time (s): cpu = 00:00:00 ; elapsed = 00:00:00.103 . Memory (MB): peak = 1204.438 ; gain = 0.000
INFO: [Common 17-1381] The checkpoint 'C:/Users/johns/project_2/project_2.runs/impl_1/counter_opt.dcp' has been generated.
INFO: [runtcl-4] Executing : report_drc -file counter_drc_opted.rpt -pb counter_drc_opted.pb -rpx counter_drc_opted.rpx
Command: report_drc -file counter_drc_opted.rpt -pb counter_drc_opted.pb -rpx counter_drc_opted.rpx
INFO: [IP_Flow 19-234] Refreshing IP repositories
INFO: [IP_Flow 19-1704] No user IP repositories specified
INFO: [IP_Flow 19-2313] Loaded Vivado IP repository 'C:/Xilinx/Vivado/2018.2/data/ip'.
INFO: [DRC 23-27] Running DRC with 2 threads
INFO: [Coretcl 2-168] The results of DRC are in file C:/Users/johns/project_2/project_2.runs/impl_1/counter_drc_opted.rpt.
report_drc completed successfully
report_drc: Time (s): cpu = 00:00:08 ; elapsed = 00:00:08 . Memory (MB): peak = 1204.438 ; gain = 0.000
Command: place_design
Attempting to get a license for feature 'Implementation' and/or device 'xc7z020'
INFO: [Common 17-349] Got license for feature 'Implementation' and/or device 'xc7z020'
INFO: [DRC 23-27] Running DRC with 2 threads
INFO: [Vivado_Tcl 4-198] DRC finished with 0 Errors
INFO: [Vivado_Tcl 4-199] Please refer to the DRC report (report_drc) for more information.
Running DRC as a precondition to command place_design
INFO: [DRC 23-27] Running DRC with 2 threads
INFO: [Vivado_Tcl 4-198] DRC finished with 0 Errors
INFO: [Vivado_Tcl 4-199] Please refer to the DRC report (report_drc) for more information.

Starting Placer Task
INFO: [Place 30-611] Multithreading enabled for place_design using a maximum of 2 CPUs

Phase 1 Placer Initialization

Phase 1.1 Placer Initialization Netlist Sorting
Netlist sorting complete. Time (s): cpu = 00:00:00 ; elapsed = 00:00:00 . Memory (MB): peak = 1204.438 ; gain = 0.000
Phase 1.1 Placer Initialization Netlist Sorting | Checksum: 1248672e1

Time (s): cpu = 00:00:00 ; elapsed = 00:00:00.048 . Memory (MB): peak = 1204.438 ; gain = 0.000
Netlist sorting complete. Time (s): cpu = 00:00:00 ; elapsed = 00:00:00 . Memory (MB): peak = 1204.438 ; gain = 0.000

Phase 1.2 IO Placement/ Clock Placement/ Build Placer Device
INFO: [Timing 38-35] Done setting XDC timing constraints.
Phase 1.2 IO Placement/ Clock Placement/ Build Placer Device | Checksum: 9006c1cc

Time (s): cpu = 00:00:01 ; elapsed = 00:00:00.852 . Memory (MB): peak = 1226.816 ; gain = 22.379

Phase 1.3 Build Placer Netlist Model
Phase 1.3 Build Placer Netlist Model | Checksum: 12421bab8

Time (s): cpu = 00:00:01 ; elapsed = 00:00:00.988 . Memory (MB): peak = 1229.422 ; gain = 24.984

Phase 1.4 Constrain Clocks/Macros
Phase 1.4 Constrain Clocks/Macros | Checksum: 12421bab8

Time (s): cpu = 00:00:01 ; elapsed = 00:00:00.991 . Memory (MB): peak = 1229.422 ; gain = 24.984
Phase 1 Placer Initialization | Checksum: 12421bab8

Time (s): cpu = 00:00:01 ; elapsed = 00:00:00.996 . Memory (MB): peak = 1229.422 ; gain = 24.984

Phase 2 Global Placement

Phase 2.1 Floorplanning
Phase 2.1 Floorplanning | Checksum: 13d0ae527

Time (s): cpu = 00:00:02 ; elapsed = 00:00:01 . Memory (MB): peak = 1229.422 ; gain = 24.984

Phase 2.2 Physical Synthesis In Placer
INFO: [Physopt 32-65] No nets found for high-fanout optimization.
INFO: [Physopt 32-232] Optimized 0 net. Created 0 new instance.
INFO: [Physopt 32-775] End 1 Pass. Optimized 0 net or cell. Created 0 new cell, deleted 0 existing cell and moved 0 existing cell
Netlist sorting complete. Time (s): cpu = 00:00:00 ; elapsed = 00:00:00 . Memory (MB): peak = 1229.422 ; gain = 0.000

Summary of Physical Synthesis Optimizations
============================================


-----------------------------------------------------------------------------------------------------------------------------
|  Optimization       |  Added Cells  |  Removed Cells  |  Optimized Cells/Nets  |  Dont Touch  |  Iterations  |  Elapsed   |
-----------------------------------------------------------------------------------------------------------------------------
|  Very High Fanout   |            0  |              0  |                     0  |           0  |           1  |  00:00:00  |
|  Total              |            0  |              0  |                     0  |           0  |           1  |  00:00:00  |
-----------------------------------------------------------------------------------------------------------------------------


Phase 2.2 Physical Synthesis In Placer | Checksum: 187d2c964

Time (s): cpu = 00:00:02 ; elapsed = 00:00:02 . Memory (MB): peak = 1229.422 ; gain = 24.984
Phase 2 Global Placement | Checksum: 114e54e28

Time (s): cpu = 00:00:02 ; elapsed = 00:00:02 . Memory (MB): peak = 1229.422 ; gain = 24.984

Phase 3 Detail Placement

Phase 3.1 Commit Multi Column Macros
Phase 3.1 Commit Multi Column Macros | Checksum: 114e54e28

Time (s): cpu = 00:00:02 ; elapsed = 00:00:02 . Memory (MB): peak = 1229.422 ; gain = 24.984

Phase 3.2 Commit Most Macros & LUTRAMs
Phase 3.2 Commit Most Macros & LUTRAMs | Checksum: a8ba680e

Time (s): cpu = 00:00:02 ; elapsed = 00:00:02 . Memory (MB): peak = 1229.422 ; gain = 24.984

Phase 3.3 Area Swap Optimization
Phase 3.3 Area Swap Optimization | Checksum: dd991e70

Time (s): cpu = 00:00:02 ; elapsed = 00:00:02 . Memory (MB): peak = 1229.422 ; gain = 24.984

Phase 3.4 Pipeline Register Optimization
Phase 3.4 Pipeline Register Optimization | Checksum: dd991e70

Time (s): cpu = 00:00:02 ; elapsed = 00:00:02 . Memory (MB): peak = 1229.422 ; gain = 24.984

Phase 3.5 Small Shape Detail Placement
Phase 3.5 Small Shape Detail Placement | Checksum: 13f07121f

Time (s): cpu = 00:00:02 ; elapsed = 00:00:02 . Memory (MB): peak = 1229.422 ; gain = 24.984

Phase 3.6 Re-assign LUT pins
Phase 3.6 Re-assign LUT pins | Checksum: 13f07121f

Time (s): cpu = 00:00:02 ; elapsed = 00:00:02 . Memory (MB): peak = 1229.422 ; gain = 24.984

Phase 3.7 Pipeline Register Optimization
Phase 3.7 Pipeline Register Optimization | Checksum: 13f07121f

Time (s): cpu = 00:00:02 ; elapsed = 00:00:02 . Memory (MB): peak = 1229.422 ; gain = 24.984
Phase 3 Detail Placement | Checksum: 13f07121f

Time (s): cpu = 00:00:02 ; elapsed = 00:00:02 . Memory (MB): peak = 1229.422 ; gain = 24.984

Phase 4 Post Placement Optimization and Clean-Up

Phase 4.1 Post Commit Optimization
INFO: [Timing 38-35] Done setting XDC timing constraints.

Phase 4.1.1 Post Placement Optimization
Post Placement Optimization Initialization | Checksum: 170bab52d

Phase 4.1.1.1 BUFG Insertion
INFO: [Place 46-31] BUFG insertion identified 0 candidate nets, 0 success, 0 skipped for placement/routing, 0 skipped for timing, 0 skipped for netlist change reason.
Phase 4.1.1.1 BUFG Insertion | Checksum: 170bab52d

Time (s): cpu = 00:00:02 ; elapsed = 00:00:02 . Memory (MB): peak = 1241.098 ; gain = 36.660
INFO: [Place 30-746] Post Placement Timing Summary WNS=8.603. For the most accurate timing information please run report_timing.
Phase 4.1.1 Post Placement Optimization | Checksum: f6b1c8b7

Time (s): cpu = 00:00:02 ; elapsed = 00:00:02 . Memory (MB): peak = 1241.098 ; gain = 36.660
Phase 4.1 Post Commit Optimization | Checksum: f6b1c8b7

Time (s): cpu = 00:00:02 ; elapsed = 00:00:02 . Memory (MB): peak = 1241.098 ; gain = 36.660

Phase 4.2 Post Placement Cleanup
Phase 4.2 Post Placement Cleanup | Checksum: f6b1c8b7

Time (s): cpu = 00:00:02 ; elapsed = 00:00:02 . Memory (MB): peak = 1241.098 ; gain = 36.660

Phase 4.3 Placer Reporting
Phase 4.3 Placer Reporting | Checksum: f6b1c8b7

Time (s): cpu = 00:00:02 ; elapsed = 00:00:02 . Memory (MB): peak = 1241.098 ; gain = 36.660

Phase 4.4 Final Placement Cleanup
Phase 4.4 Final Placement Cleanup | Checksum: 113944754

Time (s): cpu = 00:00:02 ; elapsed = 00:00:02 . Memory (MB): peak = 1241.098 ; gain = 36.660
Phase 4 Post Placement Optimization and Clean-Up | Checksum: 113944754

Time (s): cpu = 00:00:02 ; elapsed = 00:00:02 . Memory (MB): peak = 1241.098 ; gain = 36.660
Ending Placer Task | Checksum: b51bae38

Time (s): cpu = 00:00:02 ; elapsed = 00:00:02 . Memory (MB): peak = 1241.098 ; gain = 36.660
INFO: [Common 17-83] Releasing license: Implementation
51 Infos, 0 Warnings, 0 Critical Warnings and 0 Errors encountered.
place_design completed successfully
INFO: [Timing 38-480] Writing timing data to binary archive.
Writing placer database...
Writing XDEF routing.
Writing XDEF routing logical nets.
Writing XDEF routing special nets.
Write XDEF Complete: Time (s): cpu = 00:00:00 ; elapsed = 00:00:00.094 . Memory (MB): peak = 1245.531 ; gain = 4.395
INFO: [Common 17-1381] The checkpoint 'C:/Users/johns/project_2/project_2.runs/impl_1/counter_placed.dcp' has been generated.
INFO: [runtcl-4] Executing : report_io -file counter_io_placed.rpt
report_io: Time (s): cpu = 00:00:00 ; elapsed = 00:00:00.150 . Memory (MB): peak = 1248.523 ; gain = 0.000
INFO: [runtcl-4] Executing : report_utilization -file counter_utilization_placed.rpt -pb counter_utilization_placed.pb
report_utilization: Time (s): cpu = 00:00:00 ; elapsed = 00:00:00.079 . Memory (MB): peak = 1248.523 ; gain = 0.000
INFO: [runtcl-4] Executing : report_control_sets -verbose -file counter_control_sets_placed.rpt
report_control_sets: Time (s): cpu = 00:00:00 ; elapsed = 00:00:00.003 . Memory (MB): peak = 1248.523 ; gain = 0.000
Command: route_design
Attempting to get a license for feature 'Implementation' and/or device 'xc7z020'
INFO: [Common 17-349] Got license for feature 'Implementation' and/or device 'xc7z020'
Running DRC as a precondition to command route_design
INFO: [DRC 23-27] Running DRC with 2 threads
INFO: [Vivado_Tcl 4-198] DRC finished with 0 Errors
INFO: [Vivado_Tcl 4-199] Please refer to the DRC report (report_drc) for more information.


Starting Routing Task
INFO: [Route 35-254] Multithreading enabled for route_design using a maximum of 2 CPUs
Checksum: PlaceDB: 3f149676 ConstDB: 0 ShapeSum: 760717c2 RouteDB: 0

Phase 1 Build RT Design
Phase 1 Build RT Design | Checksum: d7a99b95

Time (s): cpu = 00:01:06 ; elapsed = 00:01:10 . Memory (MB): peak = 1375.176 ; gain = 126.652
Post Restoration Checksum: NetGraph: 98226379 NumContArr: 3f87381c Constraints: 0 Timing: 0

Phase 2 Router Initialization

Phase 2.1 Create Timer
Phase 2.1 Create Timer | Checksum: d7a99b95

Time (s): cpu = 00:01:07 ; elapsed = 00:01:10 . Memory (MB): peak = 1375.176 ; gain = 126.652

Phase 2.2 Fix Topology Constraints
Phase 2.2 Fix Topology Constraints | Checksum: d7a99b95

Time (s): cpu = 00:01:07 ; elapsed = 00:01:10 . Memory (MB): peak = 1380.707 ; gain = 132.184

Phase 2.3 Pre Route Cleanup
Phase 2.3 Pre Route Cleanup | Checksum: d7a99b95

Time (s): cpu = 00:01:07 ; elapsed = 00:01:10 . Memory (MB): peak = 1380.707 ; gain = 132.184
 Number of Nodes with overlaps = 0

Phase 2.4 Update Timing
Phase 2.4 Update Timing | Checksum: d69a1544

Time (s): cpu = 00:01:07 ; elapsed = 00:01:10 . Memory (MB): peak = 1387.574 ; gain = 139.051
INFO: [Route 35-416] Intermediate Timing Summary | WNS=8.480  | TNS=0.000  | WHS=-0.060 | THS=-0.140 |

Phase 2 Router Initialization | Checksum: 15766dbc8

Time (s): cpu = 00:01:07 ; elapsed = 00:01:10 . Memory (MB): peak = 1387.574 ; gain = 139.051

Phase 3 Initial Routing
Phase 3 Initial Routing | Checksum: 99a94642

Time (s): cpu = 00:01:07 ; elapsed = 00:01:11 . Memory (MB): peak = 1387.574 ; gain = 139.051

Phase 4 Rip-up And Reroute

Phase 4.1 Global Iteration 0
 Number of Nodes with overlaps = 0
INFO: [Route 35-416] Intermediate Timing Summary | WNS=8.552  | TNS=0.000  | WHS=N/A    | THS=N/A    |

Phase 4.1 Global Iteration 0 | Checksum: 12ca1f94c

Time (s): cpu = 00:01:07 ; elapsed = 00:01:11 . Memory (MB): peak = 1387.574 ; gain = 139.051
Phase 4 Rip-up And Reroute | Checksum: 12ca1f94c

Time (s): cpu = 00:01:07 ; elapsed = 00:01:11 . Memory (MB): peak = 1387.574 ; gain = 139.051

Phase 5 Delay and Skew Optimization

Phase 5.1 Delay CleanUp
Phase 5.1 Delay CleanUp | Checksum: 12ca1f94c

Time (s): cpu = 00:01:07 ; elapsed = 00:01:11 . Memory (MB): peak = 1387.574 ; gain = 139.051

Phase 5.2 Clock Skew Optimization
Phase 5.2 Clock Skew Optimization | Checksum: 12ca1f94c

Time (s): cpu = 00:01:07 ; elapsed = 00:01:11 . Memory (MB): peak = 1387.574 ; gain = 139.051
Phase 5 Delay and Skew Optimization | Checksum: 12ca1f94c

Time (s): cpu = 00:01:07 ; elapsed = 00:01:11 . Memory (MB): peak = 1387.574 ; gain = 139.051

Phase 6 Post Hold Fix

Phase 6.1 Hold Fix Iter

Phase 6.1.1 Update Timing
Phase 6.1.1 Update Timing | Checksum: 12cd90b5a

Time (s): cpu = 00:01:07 ; elapsed = 00:01:11 . Memory (MB): peak = 1387.574 ; gain = 139.051
INFO: [Route 35-416] Intermediate Timing Summary | WNS=8.686  | TNS=0.000  | WHS=0.240  | THS=0.000  |

Phase 6.1 Hold Fix Iter | Checksum: 12cd90b5a

Time (s): cpu = 00:01:07 ; elapsed = 00:01:11 . Memory (MB): peak = 1387.574 ; gain = 139.051
Phase 6 Post Hold Fix | Checksum: 12cd90b5a

Time (s): cpu = 00:01:07 ; elapsed = 00:01:11 . Memory (MB): peak = 1387.574 ; gain = 139.051

Phase 7 Route finalize

Router Utilization Summary
  Global Vertical Routing Utilization    = 0.00921611 %
  Global Horizontal Routing Utilization  = 0.000845166 %
  Routable Net Status*
  *Does not include unroutable nets such as driverless and loadless.
  Run report_route_status for detailed report.
  Number of Failed Nets               = 0
  Number of Unrouted Nets             = 0
  Number of Partially Routed Nets     = 0
  Number of Node Overlaps             = 0

Phase 7 Route finalize | Checksum: 12cd90b5a

Time (s): cpu = 00:01:08 ; elapsed = 00:01:11 . Memory (MB): peak = 1387.574 ; gain = 139.051

Phase 8 Verifying routed nets

 Verification completed successfully
Phase 8 Verifying routed nets | Checksum: 12cd90b5a

Time (s): cpu = 00:01:08 ; elapsed = 00:01:11 . Memory (MB): peak = 1388.145 ; gain = 139.621

Phase 9 Depositing Routes
Phase 9 Depositing Routes | Checksum: 1811e9fb5

Time (s): cpu = 00:01:08 ; elapsed = 00:01:11 . Memory (MB): peak = 1388.145 ; gain = 139.621

Phase 10 Post Router Timing
INFO: [Route 35-57] Estimated Timing Summary | WNS=8.686  | TNS=0.000  | WHS=0.240  | THS=0.000  |

INFO: [Route 35-327] The final timing numbers are based on the router estimated timing analysis. For a complete and accurate timing signoff, please run report_timing_summary.
Phase 10 Post Router Timing | Checksum: 1811e9fb5

Time (s): cpu = 00:01:08 ; elapsed = 00:01:11 . Memory (MB): peak = 1388.145 ; gain = 139.621
INFO: [Route 35-16] Router Completed Successfully

Time (s): cpu = 00:01:08 ; elapsed = 00:01:11 . Memory (MB): peak = 1388.145 ; gain = 139.621

Routing Is Done.
INFO: [Common 17-83] Releasing license: Implementation
68 Infos, 0 Warnings, 0 Critical Warnings and 0 Errors encountered.
route_design completed successfully
route_design: Time (s): cpu = 00:01:11 ; elapsed = 00:01:13 . Memory (MB): peak = 1388.145 ; gain = 139.621
INFO: [Timing 38-480] Writing timing data to binary archive.
Writing placer database...
Writing XDEF routing.
Writing XDEF routing logical nets.
Writing XDEF routing special nets.
Write XDEF Complete: Time (s): cpu = 00:00:00 ; elapsed = 00:00:00.148 . Memory (MB): peak = 1388.145 ; gain = 0.000
INFO: [Common 17-1381] The checkpoint 'C:/Users/johns/project_2/project_2.runs/impl_1/counter_routed.dcp' has been generated.
INFO: [runtcl-4] Executing : report_drc -file counter_drc_routed.rpt -pb counter_drc_routed.pb -rpx counter_drc_routed.rpx
Command: report_drc -file counter_drc_routed.rpt -pb counter_drc_routed.pb -rpx counter_drc_routed.rpx
INFO: [DRC 23-27] Running DRC with 2 threads
INFO: [Coretcl 2-168] The results of DRC are in file C:/Users/johns/project_2/project_2.runs/impl_1/counter_drc_routed.rpt.
report_drc completed successfully
INFO: [runtcl-4] Executing : report_methodology -file counter_methodology_drc_routed.rpt -pb counter_methodology_drc_routed.pb -rpx counter_methodology_drc_routed.rpx
Command: report_methodology -file counter_methodology_drc_routed.rpt -pb counter_methodology_drc_routed.pb -rpx counter_methodology_drc_routed.rpx
INFO: [Timing 38-35] Done setting XDC timing constraints.
INFO: [Timing 38-35] Done setting XDC timing constraints.
INFO: [DRC 23-133] Running Methodology with 2 threads
INFO: [Coretcl 2-1520] The results of Report Methodology are in file C:/Users/johns/project_2/project_2.runs/impl_1/counter_methodology_drc_routed.rpt.
report_methodology completed successfully
INFO: [runtcl-4] Executing : report_power -file counter_power_routed.rpt -pb counter_power_summary_routed.pb -rpx counter_power_routed.rpx
Command: report_power -file counter_power_routed.rpt -pb counter_power_summary_routed.pb -rpx counter_power_routed.rpx
INFO: [Timing 38-35] Done setting XDC timing constraints.
Running Vector-less Activity Propagation...

Finished Running Vector-less Activity Propagation
80 Infos, 0 Warnings, 0 Critical Warnings and 0 Errors encountered.
report_power completed successfully
INFO: [runtcl-4] Executing : report_route_status -file counter_route_status.rpt -pb counter_route_status.pb
INFO: [runtcl-4] Executing : report_timing_summary -max_paths 10 -file counter_timing_summary_routed.rpt -pb counter_timing_summary_routed.pb -rpx counter_timing_summary_routed.rpx -warn_on_violation 
INFO: [Timing 38-91] UpdateTimingParams: Speed grade: -2, Delay Type: min_max, Timing Stage: Requireds.
INFO: [Timing 38-191] Multithreading enabled for timing update using a maximum of 2 CPUs
INFO: [runtcl-4] Executing : report_incremental_reuse -file counter_incremental_reuse_routed.rpt
INFO: [Vivado_Tcl 4-545] No incremental reuse to report, no incremental placement and routing data was found.
INFO: [runtcl-4] Executing : report_clock_utilization -file counter_clock_utilization_routed.rpt
INFO: [runtcl-4] Executing : report_bus_skew -warn_on_violation -file counter_bus_skew_routed.rpt -pb counter_bus_skew_routed.pb -rpx counter_bus_skew_routed.rpx
INFO: [Timing 38-91] UpdateTimingParams: Speed grade: -2, Delay Type: min_max, Timing Stage: Requireds.
INFO: [Timing 38-191] Multithreading enabled for timing update using a maximum of 2 CPUs
INFO: [Common 17-206] Exiting Vivado at Mon Jul 20 13:20:43 2026...
