Vivado Simulator 2018.2
Time resolution is 1 ps
Time=0 rst_n=x counter=X
Time=0 rst_n=x counter=Z
Time=10000 rst_n=1 counter=Z
Time=20000 rst_n=0 counter=Z
Time=120000 rst_n=1 counter=Z
Time=8937000 rst_n=1 counter=Z
Time=9890000 rst_n=1 counter=Z
Time=10844000 rst_n=1 counter=Z
Time=11798000 rst_n=1 counter=Z
Time=12752000 rst_n=1 counter=Z
Time=13706000 rst_n=1 counter=Z
Time=14660000 rst_n=1 counter=Z
Time=15614000 rst_n=1 counter=Z
Time=16567000 rst_n=1 counter=Z
Time=17521000 rst_n=1 counter=Z
Time=18475000 rst_n=1 counter=Z
Time=19429000 rst_n=1 counter=Z
Time=20383000 rst_n=1 counter=Z
Time=21337000 rst_n=1 counter=Z
Time=22290000 rst_n=1 counter=Z
Time=23244000 rst_n=1 counter=Z
Time=24198000 rst_n=1 counter=Z
Time=25152000 rst_n=1 counter=Z
Time=26106000 rst_n=1 counter=Z
Time=27060000 rst_n=1 counter=Z
Time=28014000 rst_n=1 counter=Z
Time=28967000 rst_n=1 counter=Z
Time=29921000 rst_n=1 counter=Z
Time=30875000 rst_n=1 counter=Z
Time=31829000 rst_n=1 counter=Z
Time=32783000 rst_n=1 counter=Z
Time=33737000 rst_n=1 counter=Z
Time=34690000 rst_n=1 counter=Z
Time=35644000 rst_n=1 counter=Z
Time=36598000 rst_n=1 counter=Z
Time=37552000 rst_n=1 counter=Z
Time=38506000 rst_n=1 counter=Z
Time=39460000 rst_n=1 counter=Z
Time=40414000 rst_n=1 counter=Z
Time=41367000 rst_n=1 counter=Z
Time=42321000 rst_n=1 counter=Z
Time=43275000 rst_n=1 counter=Z
Time=44229000 rst_n=1 counter=Z
Time=45183000 rst_n=1 counter=Z
Time=46137000 rst_n=1 counter=Z
Time=47090000 rst_n=1 counter=Z
Time=48044000 rst_n=1 counter=Z
Time=48998000 rst_n=1 counter=Z
Time=49952000 rst_n=1 counter=Z
Time=50906000 rst_n=1 counter=Z
Time=51860000 rst_n=1 counter=Z
Time=52814000 rst_n=1 counter=Z
Time=53767000 rst_n=1 counter=Z
Time=54721000 rst_n=1 counter=Z
Time=55675000 rst_n=1 counter=Z
Time=56629000 rst_n=1 counter=Z
Time=57583000 rst_n=1 counter=Z
Time=58537000 rst_n=1 counter=Z
Time=59490000 rst_n=1 counter=Z
Time=60444000 rst_n=1 counter=Z
Time=61398000 rst_n=1 counter=Z
Time=62352000 rst_n=1 counter=Z
Time=63306000 rst_n=1 counter=Z
Time=64260000 rst_n=1 counter=Z
Time=65214000 rst_n=1 counter=Z
Time=66167000 rst_n=1 counter=Z
Time=67121000 rst_n=1 counter=Z
Time=68075000 rst_n=1 counter=Z
Time=69029000 rst_n=1 counter=Z
Time=69983000 rst_n=1 counter=Z
Time=70937000 rst_n=1 counter=Z
Time=71890000 rst_n=1 counter=Z
Time=72844000 rst_n=1 counter=Z
Time=73798000 rst_n=1 counter=Z
Time=74752000 rst_n=1 counter=Z
Time=75706000 rst_n=1 counter=Z
Time=76660000 rst_n=1 counter=Z
Time=77614000 rst_n=1 counter=Z
Time=78567000 rst_n=1 counter=Z
Time=79521000 rst_n=1 counter=Z
Time=80475000 rst_n=1 counter=Z
Time=81429000 rst_n=1 counter=Z
Time=82383000 rst_n=1 counter=Z
Time=83337000 rst_n=1 counter=Z
Time=84290000 rst_n=1 counter=Z
Time=85244000 rst_n=1 counter=Z
Time=86198000 rst_n=1 counter=Z
Time=87152000 rst_n=1 counter=Z
Time=88106000 rst_n=1 counter=Z
Time=89060000 rst_n=1 counter=Z
Time=90014000 rst_n=1 counter=Z
Time=90967000 rst_n=1 counter=Z
Time=91921000 rst_n=1 counter=Z
Time=92875000 rst_n=1 counter=Z
Time=93829000 rst_n=1 counter=Z
Time=94783000 rst_n=1 counter=Z
Time=95737000 rst_n=1 counter=Z
Time=96690000 rst_n=1 counter=Z
Time=97644000 rst_n=1 counter=Z
Time=98598000 rst_n=1 counter=Z
Time=99552000 rst_n=1 counter=Z
Time=100506000 rst_n=1 counter=Z
Time=101460000 rst_n=1 counter=Z
Time=102414000 rst_n=1 counter=Z
Time=103367000 rst_n=1 counter=Z
Time=104321000 rst_n=1 counter=Z
Time=105275000 rst_n=1 counter=Z
Time=106229000 rst_n=1 counter=Z
Time=107183000 rst_n=1 counter=Z
Time=108137000 rst_n=1 counter=Z
Time=109090000 rst_n=1 counter=Z
Time=110044000 rst_n=1 counter=Z
Time=110998000 rst_n=1 counter=Z
Time=111952000 rst_n=1 counter=Z
Time=112906000 rst_n=1 counter=Z
Time=113860000 rst_n=1 counter=Z
Time=114814000 rst_n=1 counter=Z
Time=115767000 rst_n=1 counter=Z
Time=116721000 rst_n=1 counter=Z
Time=117675000 rst_n=1 counter=Z
Time=118629000 rst_n=1 counter=Z
Time=119583000 rst_n=1 counter=Z
Time=120537000 rst_n=1 counter=Z
Time=121490000 rst_n=1 counter=Z
Time=122444000 rst_n=1 counter=Z
Time=123398000 rst_n=1 counter=Z
Time=124352000 rst_n=1 counter=Z
Time=125306000 rst_n=1 counter=Z
Time=126260000 rst_n=1 counter=Z
Time=127214000 rst_n=1 counter=Z
Time=128167000 rst_n=1 counter=Z
Time=129121000 rst_n=1 counter=Z
Time=130075000 rst_n=1 counter=Z
Time=131029000 rst_n=1 counter=Z
Time=131983000 rst_n=1 counter=Z
Time=132937000 rst_n=1 counter=Z
Time=133890000 rst_n=1 counter=Z
Time=134844000 rst_n=1 counter=Z
Time=135798000 rst_n=1 counter=Z
Time=136752000 rst_n=1 counter=Z
Time=137706000 rst_n=1 counter=Z
Time=138660000 rst_n=1 counter=Z
Time=139614000 rst_n=1 counter=Z
Time=140567000 rst_n=1 counter=Z
Time=141521000 rst_n=1 counter=Z
Time=142475000 rst_n=1 counter=Z
Time=143429000 rst_n=1 counter=Z
Time=144383000 rst_n=1 counter=Z
Time=145337000 rst_n=1 counter=Z
Time=146290000 rst_n=1 counter=Z
Time=147244000 rst_n=1 counter=Z
Time=148198000 rst_n=1 counter=Z
Time=149152000 rst_n=1 counter=Z
Time=150106000 rst_n=1 counter=Z
Time=151060000 rst_n=1 counter=Z
Time=152014000 rst_n=1 counter=Z
Time=152967000 rst_n=1 counter=Z
Time=153921000 rst_n=1 counter=Z
Time=154875000 rst_n=1 counter=Z
Time=155829000 rst_n=1 counter=Z
Time=156783000 rst_n=1 counter=Z
Time=157737000 rst_n=1 counter=Z
Time=158690000 rst_n=1 counter=Z
Time=159644000 rst_n=1 counter=Z
Time=160598000 rst_n=1 counter=Z
Time=161552000 rst_n=1 counter=Z
Time=162506000 rst_n=1 counter=Z
Time=163460000 rst_n=1 counter=Z
Time=164414000 rst_n=1 counter=Z
Time=165367000 rst_n=1 counter=Z
Time=166321000 rst_n=1 counter=Z
Time=167275000 rst_n=1 counter=Z
Time=168229000 rst_n=1 counter=Z
Time=169183000 rst_n=1 counter=Z
Time=170137000 rst_n=1 counter=Z
Time=171090000 rst_n=1 counter=Z
Time=172044000 rst_n=1 counter=Z
Time=172998000 rst_n=1 counter=Z
Time=173952000 rst_n=1 counter=Z
Time=174906000 rst_n=1 counter=Z
Time=175860000 rst_n=1 counter=Z
Time=176814000 rst_n=1 counter=Z
Time=177767000 rst_n=1 counter=Z
Time=178721000 rst_n=1 counter=Z
Time=179675000 rst_n=1 counter=Z
Time=180629000 rst_n=1 counter=Z
Time=181583000 rst_n=1 counter=Z
Time=182537000 rst_n=1 counter=Z
Time=183490000 rst_n=1 counter=Z
Time=184444000 rst_n=1 counter=Z
Time=185398000 rst_n=1 counter=Z
Time=186352000 rst_n=1 counter=Z
Time=187306000 rst_n=1 counter=Z
Time=188260000 rst_n=1 counter=Z
Time=189214000 rst_n=1 counter=Z
Time=190167000 rst_n=1 counter=Z
Time=191121000 rst_n=1 counter=Z
Time=192075000 rst_n=1 counter=Z
Time=193029000 rst_n=1 counter=Z
Time=193983000 rst_n=1 counter=Z
Time=194937000 rst_n=1 counter=Z
Time=195890000 rst_n=1 counter=Z
Time=196844000 rst_n=1 counter=Z
Time=197798000 rst_n=1 counter=Z
Time=198752000 rst_n=1 counter=Z
Time=199706000 rst_n=1 counter=Z
Time=200660000 rst_n=1 counter=Z
Time=201614000 rst_n=1 counter=Z
Time=202567000 rst_n=1 counter=Z
Time=203521000 rst_n=1 counter=Z
Time=204475000 rst_n=1 counter=Z
Time=205429000 rst_n=1 counter=Z
Time=206383000 rst_n=1 counter=Z
Time=207337000 rst_n=1 counter=Z
Time=208290000 rst_n=1 counter=Z
Time=209244000 rst_n=1 counter=Z
Time=210198000 rst_n=1 counter=Z
Time=211152000 rst_n=1 counter=Z
Time=212106000 rst_n=1 counter=Z
Time=213060000 rst_n=1 counter=Z
Time=214014000 rst_n=1 counter=Z
Time=214967000 rst_n=1 counter=Z
Time=215921000 rst_n=1 counter=Z
Time=216875000 rst_n=1 counter=Z
Time=217829000 rst_n=1 counter=Z
Time=218783000 rst_n=1 counter=Z
Time=219737000 rst_n=1 counter=Z
Time=220690000 rst_n=1 counter=Z
Time=221644000 rst_n=1 counter=Z
Time=222598000 rst_n=1 counter=Z
Time=223552000 rst_n=1 counter=Z
Time=224506000 rst_n=1 counter=Z
Time=225460000 rst_n=1 counter=Z
Time=226414000 rst_n=1 counter=Z
Time=227367000 rst_n=1 counter=Z
Time=228321000 rst_n=1 counter=Z
Time=229275000 rst_n=1 counter=Z
Time=230229000 rst_n=1 counter=Z
Time=231183000 rst_n=1 counter=Z
Time=232137000 rst_n=1 counter=Z
Time=233090000 rst_n=1 counter=Z
Time=234044000 rst_n=1 counter=Z
Time=234998000 rst_n=1 counter=Z
Time=235952000 rst_n=1 counter=Z
Time=236906000 rst_n=1 counter=Z
Time=237860000 rst_n=1 counter=Z
Time=238814000 rst_n=1 counter=Z
Time=239767000 rst_n=1 counter=Z
Time=240721000 rst_n=1 counter=Z
Time=241675000 rst_n=1 counter=Z
Time=242629000 rst_n=1 counter=Z
Time=243583000 rst_n=1 counter=Z
Time=244537000 rst_n=1 counter=Z
Time=245490000 rst_n=1 counter=Z
Time=246444000 rst_n=1 counter=Z
Time=247398000 rst_n=1 counter=Z
Time=248352000 rst_n=1 counter=Z
Time=249306000 rst_n=1 counter=Z
Time=250260000 rst_n=1 counter=Z
Time=251214000 rst_n=1 counter=Z
Time=252167000 rst_n=1 counter=Z
Time=253121000 rst_n=1 counter=Z
Time=254075000 rst_n=1 counter=Z
Time=255029000 rst_n=1 counter=Z
Time=255983000 rst_n=1 counter=Z
Time=256937000 rst_n=1 counter=Z
Time=257890000 rst_n=1 counter=Z
Time=258844000 rst_n=1 counter=Z
Time=259798000 rst_n=1 counter=Z
Time=260752000 rst_n=1 counter=Z
Time=261706000 rst_n=1 counter=Z
Time=262660000 rst_n=1 counter=Z
Time=263614000 rst_n=1 counter=Z
Time=264567000 rst_n=1 counter=Z
Time=265521000 rst_n=1 counter=Z
Time=266475000 rst_n=1 counter=Z
Time=267429000 rst_n=1 counter=Z
Time=268383000 rst_n=1 counter=Z
Time=269337000 rst_n=1 counter=Z
Time=270290000 rst_n=1 counter=Z
Time=271244000 rst_n=1 counter=Z
Time=272198000 rst_n=1 counter=Z
Time=273152000 rst_n=1 counter=Z
Time=274106000 rst_n=1 counter=Z
Time=275060000 rst_n=1 counter=Z
Time=276014000 rst_n=1 counter=Z
Time=276967000 rst_n=1 counter=Z
Time=277921000 rst_n=1 counter=Z
Time=278875000 rst_n=1 counter=Z
Time=279829000 rst_n=1 counter=Z
Time=280783000 rst_n=1 counter=Z
Time=281737000 rst_n=1 counter=Z
Time=282690000 rst_n=1 counter=Z
Time=283644000 rst_n=1 counter=Z
Time=284598000 rst_n=1 counter=Z
Time=285552000 rst_n=1 counter=Z
Time=286506000 rst_n=1 counter=Z
Time=287460000 rst_n=1 counter=Z
Time=288414000 rst_n=1 counter=Z
Time=289367000 rst_n=1 counter=Z
Time=290321000 rst_n=1 counter=Z
Time=291275000 rst_n=1 counter=Z
Time=292229000 rst_n=1 counter=Z
Time=293183000 rst_n=1 counter=Z
Time=294137000 rst_n=1 counter=Z
Time=295090000 rst_n=1 counter=Z
Time=296044000 rst_n=1 counter=Z
Time=296998000 rst_n=1 counter=Z
Time=297952000 rst_n=1 counter=Z
Time=298906000 rst_n=1 counter=Z
Time=299860000 rst_n=1 counter=Z
Time=300814000 rst_n=1 counter=Z
Time=301767000 rst_n=1 counter=Z
Time=302721000 rst_n=1 counter=Z
Time=303675000 rst_n=1 counter=Z
Time=304629000 rst_n=1 counter=Z
Time=305583000 rst_n=1 counter=Z
Time=306537000 rst_n=1 counter=Z
Time=307490000 rst_n=1 counter=Z
Time=308444000 rst_n=1 counter=Z
Time=309398000 rst_n=1 counter=Z
Time=310352000 rst_n=1 counter=Z
Time=311306000 rst_n=1 counter=Z
Time=312260000 rst_n=1 counter=Z
Time=313214000 rst_n=1 counter=Z
Time=314167000 rst_n=1 counter=Z
Time=315121000 rst_n=1 counter=Z
Time=316075000 rst_n=1 counter=Z
Time=317029000 rst_n=1 counter=Z
Time=317983000 rst_n=1 counter=Z
Time=318937000 rst_n=1 counter=Z
Time=319890000 rst_n=1 counter=Z
Time=320844000 rst_n=1 counter=Z
Time=321798000 rst_n=1 counter=Z
Time=322752000 rst_n=1 counter=Z
Time=323706000 rst_n=1 counter=Z
Time=324660000 rst_n=1 counter=Z
Time=325614000 rst_n=1 counter=Z
Time=326567000 rst_n=1 counter=Z
Time=327521000 rst_n=1 counter=Z
Time=328475000 rst_n=1 counter=Z
Time=329429000 rst_n=1 counter=Z
Time=330383000 rst_n=1 counter=Z
Time=331337000 rst_n=1 counter=Z
Time=332290000 rst_n=1 counter=Z
Time=333244000 rst_n=1 counter=Z
Time=334198000 rst_n=1 counter=Z
Time=335152000 rst_n=1 counter=Z
Time=336106000 rst_n=1 counter=Z
Time=337060000 rst_n=1 counter=Z
Time=338014000 rst_n=1 counter=Z
Time=338967000 rst_n=1 counter=Z
Time=339921000 rst_n=1 counter=Z
Time=340875000 rst_n=1 counter=Z
Time=341829000 rst_n=1 counter=Z
Time=342783000 rst_n=1 counter=Z
Time=343737000 rst_n=1 counter=Z
Time=344690000 rst_n=1 counter=Z
Time=345644000 rst_n=1 counter=Z
Time=346598000 rst_n=1 counter=Z
Time=347552000 rst_n=1 counter=Z
Time=348506000 rst_n=1 counter=Z
Time=349460000 rst_n=1 counter=Z
Time=350414000 rst_n=1 counter=Z
Time=351367000 rst_n=1 counter=Z
Time=352321000 rst_n=1 counter=Z
Time=353275000 rst_n=1 counter=Z
Time=354229000 rst_n=1 counter=Z
Time=355183000 rst_n=1 counter=Z
Time=356137000 rst_n=1 counter=Z
Time=357090000 rst_n=1 counter=Z
Time=358044000 rst_n=1 counter=Z
Time=358998000 rst_n=1 counter=Z
Time=359952000 rst_n=1 counter=Z
Time=360906000 rst_n=1 counter=Z
Time=361860000 rst_n=1 counter=Z
Time=362814000 rst_n=1 counter=Z
Time=363767000 rst_n=1 counter=Z
Time=364721000 rst_n=1 counter=Z
Time=365675000 rst_n=1 counter=Z
Time=366629000 rst_n=1 counter=Z
Time=367583000 rst_n=1 counter=Z
Time=368537000 rst_n=1 counter=Z
Time=369490000 rst_n=1 counter=Z
Time=370444000 rst_n=1 counter=Z
Time=371398000 rst_n=1 counter=Z
Time=372352000 rst_n=1 counter=Z
Time=373306000 rst_n=1 counter=Z
Time=374260000 rst_n=1 counter=Z
Time=375214000 rst_n=1 counter=Z
Time=376167000 rst_n=1 counter=Z
Time=377121000 rst_n=1 counter=Z
Time=378075000 rst_n=1 counter=Z
Time=379029000 rst_n=1 counter=Z
Time=379983000 rst_n=1 counter=Z
Time=380937000 rst_n=1 counter=Z
Time=381890000 rst_n=1 counter=Z
Time=382844000 rst_n=1 counter=Z
Time=383798000 rst_n=1 counter=Z
Time=384752000 rst_n=1 counter=Z
Time=385706000 rst_n=1 counter=Z
Time=386660000 rst_n=1 counter=Z
Time=387614000 rst_n=1 counter=Z
Time=388567000 rst_n=1 counter=Z
Time=389521000 rst_n=1 counter=Z
Time=390475000 rst_n=1 counter=Z
Time=391429000 rst_n=1 counter=Z
Time=392383000 rst_n=1 counter=Z
Time=393337000 rst_n=1 counter=Z
Time=394290000 rst_n=1 counter=Z
Time=395244000 rst_n=1 counter=Z
Time=396198000 rst_n=1 counter=Z
Time=397152000 rst_n=1 counter=Z
Time=398106000 rst_n=1 counter=Z
Time=399060000 rst_n=1 counter=Z
Time=400014000 rst_n=1 counter=Z
Time=400967000 rst_n=1 counter=Z
Time=401921000 rst_n=1 counter=Z
Time=402875000 rst_n=1 counter=Z
Time=403829000 rst_n=1 counter=Z
Time=404783000 rst_n=1 counter=Z
Time=405737000 rst_n=1 counter=Z
Time=406690000 rst_n=1 counter=Z
Time=407644000 rst_n=1 counter=Z
Time=408598000 rst_n=1 counter=Z
Time=409552000 rst_n=1 counter=Z
Time=410506000 rst_n=1 counter=Z
Time=411460000 rst_n=1 counter=Z
Time=412414000 rst_n=1 counter=Z
Time=413367000 rst_n=1 counter=Z
Time=414321000 rst_n=1 counter=Z
Time=415275000 rst_n=1 counter=Z
Time=416229000 rst_n=1 counter=Z
Time=417183000 rst_n=1 counter=Z
Time=418137000 rst_n=1 counter=Z
Time=419090000 rst_n=1 counter=Z
Time=420044000 rst_n=1 counter=Z
Time=420998000 rst_n=1 counter=Z
Time=421952000 rst_n=1 counter=Z
Time=422906000 rst_n=1 counter=Z
Time=423860000 rst_n=1 counter=Z
Time=424814000 rst_n=1 counter=Z
Time=425767000 rst_n=1 counter=Z
Time=426721000 rst_n=1 counter=Z
Time=427675000 rst_n=1 counter=Z
Time=428629000 rst_n=1 counter=Z
Time=429583000 rst_n=1 counter=Z
Time=430537000 rst_n=1 counter=Z
Time=431490000 rst_n=1 counter=Z
Time=432444000 rst_n=1 counter=Z
Time=433398000 rst_n=1 counter=Z
Time=434352000 rst_n=1 counter=Z
Time=435306000 rst_n=1 counter=Z
Time=436260000 rst_n=1 counter=Z
Time=437214000 rst_n=1 counter=Z
Time=438167000 rst_n=1 counter=Z
Time=439121000 rst_n=1 counter=Z
Time=440075000 rst_n=1 counter=Z
Time=441029000 rst_n=1 counter=Z
Time=441983000 rst_n=1 counter=Z
Time=442937000 rst_n=1 counter=Z
Time=443890000 rst_n=1 counter=Z
Time=444844000 rst_n=1 counter=Z
Time=445798000 rst_n=1 counter=Z
Time=446752000 rst_n=1 counter=Z
Time=447706000 rst_n=1 counter=Z
Time=448660000 rst_n=1 counter=Z
Time=449614000 rst_n=1 counter=Z
Time=450567000 rst_n=1 counter=Z
Time=451521000 rst_n=1 counter=Z
Time=452475000 rst_n=1 counter=Z
Time=453429000 rst_n=1 counter=Z
Time=454383000 rst_n=1 counter=Z
Time=455337000 rst_n=1 counter=Z
Time=456290000 rst_n=1 counter=Z
Time=457244000 rst_n=1 counter=Z
Time=458198000 rst_n=1 counter=Z
Time=459152000 rst_n=1 counter=Z
Time=460106000 rst_n=1 counter=Z
Time=461060000 rst_n=1 counter=Z
Time=462014000 rst_n=1 counter=Z
Time=462967000 rst_n=1 counter=Z
Time=463921000 rst_n=1 counter=Z
Time=464875000 rst_n=1 counter=Z
Time=465829000 rst_n=1 counter=Z
Time=466783000 rst_n=1 counter=Z
Time=467737000 rst_n=1 counter=Z
Time=468690000 rst_n=1 counter=Z
Time=469644000 rst_n=1 counter=Z
Time=470598000 rst_n=1 counter=Z
Time=471552000 rst_n=1 counter=Z
Time=472506000 rst_n=1 counter=Z
Time=473460000 rst_n=1 counter=Z
Time=474414000 rst_n=1 counter=Z
Time=475367000 rst_n=1 counter=Z
Time=476321000 rst_n=1 counter=Z
Time=477275000 rst_n=1 counter=Z
Time=478229000 rst_n=1 counter=Z
Time=479183000 rst_n=1 counter=Z
Time=480137000 rst_n=1 counter=Z
Time=481090000 rst_n=1 counter=Z
Time=482044000 rst_n=1 counter=Z
Time=482998000 rst_n=1 counter=Z
Time=483952000 rst_n=1 counter=Z
Time=484906000 rst_n=1 counter=Z
Time=485860000 rst_n=1 counter=Z
Time=486814000 rst_n=1 counter=Z
Time=487767000 rst_n=1 counter=Z
Time=488721000 rst_n=1 counter=Z
Time=489675000 rst_n=1 counter=Z
Time=490629000 rst_n=1 counter=Z
Time=491583000 rst_n=1 counter=Z
Time=492537000 rst_n=1 counter=Z
Time=493490000 rst_n=1 counter=Z
Time=494444000 rst_n=1 counter=Z
Time=495398000 rst_n=1 counter=Z
Time=496352000 rst_n=1 counter=Z
Time=497306000 rst_n=1 counter=Z
Time=498260000 rst_n=1 counter=Z
Time=499214000 rst_n=1 counter=Z
$finish called at time : 500120 ns : File "C:/Users/johns/Desktop/tasks/ADI/adi_training_summer_2026/fpga_labs/Assignment_1/project_1/project_1.srcs/sim_1/new/tb_top.v" Line 46
