Copyright 1986-2018 Xilinx, Inc. All Rights Reserved.
--------------------------------------------------------------------------------------------------
| Tool Version : Vivado v.2018.2 (win64) Build 2258646 Thu Jun 14 20:03:12 MDT 2018
| Date         : Mon Aug  3 16:05:54 2026
| Host         : DESKTOP-DEP9CPL running 64-bit major release  (build 9200)
| Command      : report_control_sets -verbose -file nand_zynq_sys_wrapper_control_sets_placed.rpt
| Design       : nand_zynq_sys_wrapper
| Device       : xc7z020
--------------------------------------------------------------------------------------------------

Control Set Information

Table of Contents
-----------------
1. Summary
2. Histogram
3. Flip-Flop Distribution
4. Detailed Control Set Information

1. Summary
----------

+----------------------------------------------------------+-------+
|                          Status                          | Count |
+----------------------------------------------------------+-------+
| Number of unique control sets                            |    38 |
| Unused register locations in slices containing registers |    40 |
+----------------------------------------------------------+-------+


2. Histogram
------------

+--------+--------------+
| Fanout | Control Sets |
+--------+--------------+
|      4 |            1 |
|      8 |           10 |
|     10 |            1 |
|     12 |            1 |
|    16+ |           25 |
+--------+--------------+


3. Flip-Flop Distribution
-------------------------

+--------------+-----------------------+------------------------+-----------------+--------------+
| Clock Enable | Synchronous Set/Reset | Asynchronous Set/Reset | Total Registers | Total Slices |
+--------------+-----------------------+------------------------+-----------------+--------------+
| No           | No                    | No                     |             356 |           56 |
| No           | No                    | Yes                    |               0 |            0 |
| No           | Yes                   | No                     |             256 |           39 |
| Yes          | No                    | No                     |             874 |           96 |
| Yes          | No                    | Yes                    |               0 |            0 |
| Yes          | Yes                   | No                     |             114 |           18 |
+--------------+-----------------------+------------------------+-----------------+--------------+


4. Detailed Control Set Information
-----------------------------------

+------------------------------------------------------+---------------------------------------------------------------------------------------------------------------------------------------------------------------------+-------------------------------------------------------------------------------------------------------------------------------------------------+------------------+----------------+
|                     Clock Signal                     |                                                                            Enable Signal                                                                            |                                                                 Set/Reset Signal                                                                | Slice Load Count | Bel Load Count |
+------------------------------------------------------+---------------------------------------------------------------------------------------------------------------------------------------------------------------------+-------------------------------------------------------------------------------------------------------------------------------------------------+------------------+----------------+
|  nand_zynq_sys_i/processing_system7_0/inst/FCLK_CLK0 | nand_zynq_sys_i/ps7_0_axi_periph/s00_couplers/auto_pc/inst/gen_axilite.gen_b2s_conv.axilite_b2s/WR.b_channel_0/bid_fifo_0/bresp_push                                |                                                                                                                                                 |                1 |              4 |
|  nand_zynq_sys_i/processing_system7_0/inst/FCLK_CLK0 |                                                                                                                                                                     | nand_zynq_sys_i/axi_gpio_0/U0/AXI_LITE_IPIF_I/I_SLAVE_ATTACHMENT/clear                                                                          |                1 |              8 |
|  nand_zynq_sys_i/processing_system7_0/inst/FCLK_CLK0 |                                                                                                                                                                     | nand_zynq_sys_i/axi_gpio_1/U0/AXI_LITE_IPIF_I/I_SLAVE_ATTACHMENT/clear                                                                          |                1 |              8 |
|  nand_zynq_sys_i/processing_system7_0/inst/FCLK_CLK0 |                                                                                                                                                                     | nand_zynq_sys_i/ps7_0_axi_periph/s00_couplers/auto_pc/inst/gen_axilite.gen_b2s_conv.axilite_b2s/SI_REG/aw.aw_pipe/s_ready_i_reg_0               |                3 |              8 |
|  nand_zynq_sys_i/processing_system7_0/inst/FCLK_CLK0 |                                                                                                                                                                     | nand_zynq_sys_i/ps7_0_axi_periph/s00_couplers/auto_pc/inst/gen_axilite.gen_b2s_conv.axilite_b2s/SI_REG/ar.ar_pipe/m_valid_i_reg_0               |                3 |              8 |
|  nand_zynq_sys_i/processing_system7_0/inst/FCLK_CLK0 | nand_zynq_sys_i/ps7_0_axi_periph/s00_couplers/auto_pc/inst/gen_axilite.gen_b2s_conv.axilite_b2s/RD.ar_channel_0/ar_cmd_fsm_0/E[0]                                   | nand_zynq_sys_i/ps7_0_axi_periph/s00_couplers/auto_pc/inst/gen_axilite.gen_b2s_conv.axilite_b2s/RD.ar_channel_0/ar_cmd_fsm_0/axlen_cnt_reg[7]   |                1 |              8 |
|  nand_zynq_sys_i/processing_system7_0/inst/FCLK_CLK0 | nand_zynq_sys_i/axi_gpio_1/U0/AXI_LITE_IPIF_I/I_SLAVE_ATTACHMENT/start2                                                                                             | nand_zynq_sys_i/axi_gpio_1/U0/AXI_LITE_IPIF_I/I_SLAVE_ATTACHMENT/I_DECODER/cs_ce_clr                                                            |                1 |              8 |
|  nand_zynq_sys_i/processing_system7_0/inst/FCLK_CLK0 | nand_zynq_sys_i/axi_gpio_0/U0/AXI_LITE_IPIF_I/I_SLAVE_ATTACHMENT/bus2ip_addr_i[8]_i_1_n_0                                                                           | nand_zynq_sys_i/axi_gpio_0/U0/AXI_LITE_IPIF_I/I_SLAVE_ATTACHMENT/SS[0]                                                                          |                1 |              8 |
|  nand_zynq_sys_i/processing_system7_0/inst/FCLK_CLK0 | nand_zynq_sys_i/axi_gpio_0/U0/AXI_LITE_IPIF_I/I_SLAVE_ATTACHMENT/start2                                                                                             | nand_zynq_sys_i/axi_gpio_0/U0/AXI_LITE_IPIF_I/I_SLAVE_ATTACHMENT/I_DECODER/cs_ce_clr                                                            |                1 |              8 |
|  nand_zynq_sys_i/processing_system7_0/inst/FCLK_CLK0 | nand_zynq_sys_i/axi_gpio_1/U0/AXI_LITE_IPIF_I/I_SLAVE_ATTACHMENT/bus2ip_addr_i[8]_i_1_n_0                                                                           | nand_zynq_sys_i/axi_gpio_1/U0/AXI_LITE_IPIF_I/I_SLAVE_ATTACHMENT/SS[0]                                                                          |                1 |              8 |
|  nand_zynq_sys_i/processing_system7_0/inst/FCLK_CLK0 | nand_zynq_sys_i/ps7_0_axi_periph/s00_couplers/auto_pc/inst/gen_axilite.gen_b2s_conv.axilite_b2s/WR.aw_channel_0/aw_cmd_fsm_0/axaddr_wrap_reg[11][0]                 | nand_zynq_sys_i/ps7_0_axi_periph/s00_couplers/auto_pc/inst/gen_axilite.gen_b2s_conv.axilite_b2s/WR.aw_channel_0/aw_cmd_fsm_0/axlen_cnt_reg[7]_1 |                1 |              8 |
|  nand_zynq_sys_i/processing_system7_0/inst/FCLK_CLK0 |                                                                                                                                                                     | nand_zynq_sys_i/rst_ps7_0_100M/U0/EXT_LPF/lpf_int                                                                                               |                2 |             10 |
|  nand_zynq_sys_i/processing_system7_0/inst/FCLK_CLK0 | nand_zynq_sys_i/rst_ps7_0_100M/U0/SEQ/seq_cnt_en                                                                                                                    | nand_zynq_sys_i/rst_ps7_0_100M/U0/SEQ/SEQ_COUNTER/clear                                                                                         |                1 |             12 |
|  nand_zynq_sys_i/processing_system7_0/inst/FCLK_CLK0 | nand_zynq_sys_i/ps7_0_axi_periph/s00_couplers/auto_pc/inst/gen_axilite.gen_b2s_conv.axilite_b2s/WR.b_channel_0/mhandshake_r                                         | nand_zynq_sys_i/ps7_0_axi_periph/s00_couplers/auto_pc/inst/gen_axilite.gen_b2s_conv.axilite_b2s/WR.b_channel_0/bid_fifo_0/SR[0]                 |                3 |             16 |
|  nand_zynq_sys_i/processing_system7_0/inst/FCLK_CLK0 |                                                                                                                                                                     | nand_zynq_sys_i/ps7_0_axi_periph/xbar/inst/gen_sasd.crossbar_sasd_0/addr_arbiter_inst/SR[0]                                                     |                4 |             22 |
|  nand_zynq_sys_i/processing_system7_0/inst/FCLK_CLK0 | nand_zynq_sys_i/ps7_0_axi_periph/s00_couplers/auto_pc/inst/gen_axilite.gen_b2s_conv.axilite_b2s/RD.ar_channel_0/ar_cmd_fsm_0/axaddr_incr_reg[0][0]                  |                                                                                                                                                 |                2 |             24 |
|  nand_zynq_sys_i/processing_system7_0/inst/FCLK_CLK0 | nand_zynq_sys_i/ps7_0_axi_periph/s00_couplers/auto_pc/inst/gen_axilite.gen_b2s_conv.axilite_b2s/RD.ar_channel_0/ar_cmd_fsm_0/wrap_boundary_axaddr_r_reg[11][0]      |                                                                                                                                                 |                4 |             24 |
|  nand_zynq_sys_i/processing_system7_0/inst/FCLK_CLK0 | nand_zynq_sys_i/ps7_0_axi_periph/s00_couplers/auto_pc/inst/gen_axilite.gen_b2s_conv.axilite_b2s/WR.aw_channel_0/aw_cmd_fsm_0/E[0]                                   |                                                                                                                                                 |                2 |             24 |
|  nand_zynq_sys_i/processing_system7_0/inst/FCLK_CLK0 | nand_zynq_sys_i/ps7_0_axi_periph/s00_couplers/auto_pc/inst/gen_axilite.gen_b2s_conv.axilite_b2s/WR.aw_channel_0/cmd_translator_0/incr_cmd_0/axaddr_incr[11]_i_1_n_0 |                                                                                                                                                 |                2 |             24 |
|  nand_zynq_sys_i/processing_system7_0/inst/FCLK_CLK0 | nand_zynq_sys_i/ps7_0_axi_periph/s00_couplers/auto_pc/inst/gen_axilite.gen_b2s_conv.axilite_b2s/RD.r_channel_0/r_push_r                                             |                                                                                                                                                 |                4 |             26 |
|  nand_zynq_sys_i/processing_system7_0/inst/FCLK_CLK0 | nand_zynq_sys_i/ps7_0_axi_periph/s00_couplers/auto_pc/inst/gen_axilite.gen_b2s_conv.axilite_b2s/SI_REG/b.b_pipe/p_1_in                                              |                                                                                                                                                 |                2 |             28 |
|  nand_zynq_sys_i/processing_system7_0/inst/FCLK_CLK0 | nand_zynq_sys_i/ps7_0_axi_periph/s00_couplers/auto_pc/inst/gen_axilite.gen_b2s_conv.axilite_b2s/SI_REG/b.b_pipe/skid_buffer_reg[0]_0                                |                                                                                                                                                 |                3 |             28 |
|  nand_zynq_sys_i/processing_system7_0/inst/FCLK_CLK0 | nand_zynq_sys_i/ps7_0_axi_periph/s00_couplers/auto_pc/inst/gen_axilite.gen_b2s_conv.axilite_b2s/WR.aw_channel_0/aw_cmd_fsm_0/b_push                                 |                                                                                                                                                 |                3 |             32 |
|  nand_zynq_sys_i/processing_system7_0/inst/FCLK_CLK0 |                                                                                                                                                                     | nand_zynq_sys_i/axi_gpio_0/U0/AXI_LITE_IPIF_I/I_SLAVE_ATTACHMENT/SS[0]                                                                          |                7 |             36 |
|  nand_zynq_sys_i/processing_system7_0/inst/FCLK_CLK0 |                                                                                                                                                                     | nand_zynq_sys_i/axi_gpio_1/U0/AXI_LITE_IPIF_I/I_SLAVE_ATTACHMENT/SS[0]                                                                          |                4 |             36 |
|  nand_zynq_sys_i/processing_system7_0/inst/FCLK_CLK0 | nand_zynq_sys_i/ps7_0_axi_periph/xbar/inst/gen_sasd.crossbar_sasd_0/addr_arbiter_inst/p_0_in1_in                                                                    | nand_zynq_sys_i/ps7_0_axi_periph/xbar/inst/gen_sasd.crossbar_sasd_0/addr_arbiter_inst/SR[0]                                                     |                8 |             38 |
|  nand_zynq_sys_i/processing_system7_0/inst/FCLK_CLK0 | nand_zynq_sys_i/ps7_0_axi_periph/s00_couplers/auto_pc/inst/gen_axilite.gen_b2s_conv.axilite_b2s/RD.ar_channel_0/ar_cmd_fsm_0/E[0]                                   |                                                                                                                                                 |                9 |             40 |
|  nand_zynq_sys_i/processing_system7_0/inst/FCLK_CLK0 | nand_zynq_sys_i/ps7_0_axi_periph/s00_couplers/auto_pc/inst/gen_axilite.gen_b2s_conv.axilite_b2s/WR.aw_channel_0/aw_cmd_fsm_0/axaddr_wrap_reg[11][0]                 |                                                                                                                                                 |                8 |             40 |
|  nand_zynq_sys_i/processing_system7_0/inst/FCLK_CLK0 | nand_zynq_sys_i/ps7_0_axi_periph/s00_couplers/auto_pc/inst/gen_axilite.gen_b2s_conv.axilite_b2s/RD.r_channel_0/rd_data_fifo_0/wr_en0                                |                                                                                                                                                 |                9 |             68 |
|  nand_zynq_sys_i/processing_system7_0/inst/FCLK_CLK0 | nand_zynq_sys_i/ps7_0_axi_periph/xbar/inst/gen_sasd.crossbar_sasd_0/addr_arbiter_inst/E[0]                                                                          |                                                                                                                                                 |                8 |             70 |
|  nand_zynq_sys_i/processing_system7_0/inst/FCLK_CLK0 | nand_zynq_sys_i/ps7_0_axi_periph/s00_couplers/auto_pc/inst/gen_axilite.gen_b2s_conv.axilite_b2s/SI_REG/r.r_pipe/p_1_in                                              |                                                                                                                                                 |                9 |             94 |
|  nand_zynq_sys_i/processing_system7_0/inst/FCLK_CLK0 | nand_zynq_sys_i/ps7_0_axi_periph/s00_couplers/auto_pc/inst/gen_axilite.gen_b2s_conv.axilite_b2s/SI_REG/r.r_pipe/skid_buffer_reg[0]_0                                |                                                                                                                                                 |               10 |             94 |
|  nand_zynq_sys_i/processing_system7_0/inst/FCLK_CLK0 | nand_zynq_sys_i/ps7_0_axi_periph/s00_couplers/auto_pc/inst/gen_axilite.gen_b2s_conv.axilite_b2s/SI_REG/ar.ar_pipe/s_axi_arready                                     |                                                                                                                                                 |               12 |             96 |
|  nand_zynq_sys_i/processing_system7_0/inst/FCLK_CLK0 | nand_zynq_sys_i/ps7_0_axi_periph/s00_couplers/auto_pc/inst/gen_axilite.gen_b2s_conv.axilite_b2s/SI_REG/aw.aw_pipe/s_axi_awready                                     |                                                                                                                                                 |                9 |             96 |
|  nand_zynq_sys_i/processing_system7_0/inst/FCLK_CLK0 | nand_zynq_sys_i/ps7_0_axi_periph/s00_couplers/auto_pc/inst/gen_axilite.gen_b2s_conv.axilite_b2s/RD.ar_channel_0/ar_cmd_fsm_0/m_payload_i_reg[0]_1[0]                |                                                                                                                                                 |                9 |             96 |
|  nand_zynq_sys_i/processing_system7_0/inst/FCLK_CLK0 | nand_zynq_sys_i/ps7_0_axi_periph/s00_couplers/auto_pc/inst/gen_axilite.gen_b2s_conv.axilite_b2s/WR.aw_channel_0/aw_cmd_fsm_0/m_payload_i_reg[0][0]                  |                                                                                                                                                 |                7 |             96 |
|  nand_zynq_sys_i/processing_system7_0/inst/FCLK_CLK0 |                                                                                                                                                                     | nand_zynq_sys_i/ps7_0_axi_periph/s00_couplers/auto_pc/inst/gen_axilite.gen_b2s_conv.axilite_b2s/areset_d1                                       |               14 |            120 |
|  nand_zynq_sys_i/processing_system7_0/inst/FCLK_CLK0 |                                                                                                                                                                     |                                                                                                                                                 |               57 |            358 |
+------------------------------------------------------+---------------------------------------------------------------------------------------------------------------------------------------------------------------------+-------------------------------------------------------------------------------------------------------------------------------------------------+------------------+----------------+


