
*** Running vivado
    with args -log nand_zync_sys_wrapper.vdi -applog -m64 -product Vivado -messageDb vivado.pb -mode batch -source nand_zync_sys_wrapper.tcl -notrace


****** Vivado v2018.2 (64-bit)
  **** SW Build 2258646 on Thu Jun 14 20:03:12 MDT 2018
  **** IP Build 2256618 on Thu Jun 14 22:10:49 MDT 2018
    ** Copyright 1986-2018 Xilinx, Inc. All Rights Reserved.

source nand_zync_sys_wrapper.tcl -notrace
INFO: [IP_Flow 19-234] Refreshing IP repositories
INFO: [IP_Flow 19-1704] No user IP repositories specified
INFO: [IP_Flow 19-2313] Loaded Vivado IP repository 'C:/Xilinx/Vivado/2018.2/data/ip'.
Command: link_design -top nand_zync_sys_wrapper -part xc7z020clg484-1
Design is defaulting to srcset: sources_1
Design is defaulting to constrset: constrs_1
INFO: [Project 1-454] Reading design checkpoint 'c:/Electronics - Analog and Digital/ADI/FPGA/Assignment_2/Assignment_2.srcs/sources_1/bd/nand_zync_sys/ip/nand_zync_sys_and_gate_0_0/nand_zync_sys_and_gate_0_0.dcp' for cell 'nand_zync_sys_i/and_gate_0'
INFO: [Project 1-454] Reading design checkpoint 'c:/Electronics - Analog and Digital/ADI/FPGA/Assignment_2/Assignment_2.srcs/sources_1/bd/nand_zync_sys/ip/nand_zync_sys_axi_gpio_0_0/nand_zync_sys_axi_gpio_0_0.dcp' for cell 'nand_zync_sys_i/axi_gpio_0'
INFO: [Project 1-454] Reading design checkpoint 'c:/Electronics - Analog and Digital/ADI/FPGA/Assignment_2/Assignment_2.srcs/sources_1/bd/nand_zync_sys/ip/nand_zync_sys_axi_gpio_1_0/nand_zync_sys_axi_gpio_1_0.dcp' for cell 'nand_zync_sys_i/axi_gpio_1'
INFO: [Project 1-454] Reading design checkpoint 'c:/Electronics - Analog and Digital/ADI/FPGA/Assignment_2/Assignment_2.srcs/sources_1/bd/nand_zync_sys/ip/nand_zync_sys_processing_system7_0_0/nand_zync_sys_processing_system7_0_0.dcp' for cell 'nand_zync_sys_i/processing_system7_0'
INFO: [Project 1-454] Reading design checkpoint 'c:/Electronics - Analog and Digital/ADI/FPGA/Assignment_2/Assignment_2.srcs/sources_1/bd/nand_zync_sys/ip/nand_zync_sys_rst_ps7_0_100M_0/nand_zync_sys_rst_ps7_0_100M_0.dcp' for cell 'nand_zync_sys_i/rst_ps7_0_100M'
INFO: [Project 1-454] Reading design checkpoint 'c:/Electronics - Analog and Digital/ADI/FPGA/Assignment_2/Assignment_2.srcs/sources_1/bd/nand_zync_sys/ip/nand_zync_sys_xbar_0/nand_zync_sys_xbar_0.dcp' for cell 'nand_zync_sys_i/ps7_0_axi_periph/xbar'
INFO: [Project 1-454] Reading design checkpoint 'c:/Electronics - Analog and Digital/ADI/FPGA/Assignment_2/Assignment_2.srcs/sources_1/bd/nand_zync_sys/ip/nand_zync_sys_auto_pc_0/nand_zync_sys_auto_pc_0.dcp' for cell 'nand_zync_sys_i/ps7_0_axi_periph/s00_couplers/auto_pc'
INFO: [Netlist 29-17] Analyzing 20 Unisim elements for replacement
INFO: [Netlist 29-28] Unisim Transformation completed in 0 CPU seconds
INFO: [Project 1-479] Netlist was created with Vivado 2018.2
INFO: [Device 21-403] Loading part xc7z020clg484-1
INFO: [Project 1-570] Preparing netlist for logic optimization
Parsing XDC File [c:/Electronics - Analog and Digital/ADI/FPGA/Assignment_2/Assignment_2.srcs/sources_1/bd/nand_zync_sys/ip/nand_zync_sys_processing_system7_0_0/nand_zync_sys_processing_system7_0_0.xdc] for cell 'nand_zync_sys_i/processing_system7_0/inst'
Finished Parsing XDC File [c:/Electronics - Analog and Digital/ADI/FPGA/Assignment_2/Assignment_2.srcs/sources_1/bd/nand_zync_sys/ip/nand_zync_sys_processing_system7_0_0/nand_zync_sys_processing_system7_0_0.xdc] for cell 'nand_zync_sys_i/processing_system7_0/inst'
Parsing XDC File [c:/Electronics - Analog and Digital/ADI/FPGA/Assignment_2/Assignment_2.srcs/sources_1/bd/nand_zync_sys/ip/nand_zync_sys_axi_gpio_0_0/nand_zync_sys_axi_gpio_0_0_board.xdc] for cell 'nand_zync_sys_i/axi_gpio_0/U0'
Finished Parsing XDC File [c:/Electronics - Analog and Digital/ADI/FPGA/Assignment_2/Assignment_2.srcs/sources_1/bd/nand_zync_sys/ip/nand_zync_sys_axi_gpio_0_0/nand_zync_sys_axi_gpio_0_0_board.xdc] for cell 'nand_zync_sys_i/axi_gpio_0/U0'
Parsing XDC File [c:/Electronics - Analog and Digital/ADI/FPGA/Assignment_2/Assignment_2.srcs/sources_1/bd/nand_zync_sys/ip/nand_zync_sys_axi_gpio_0_0/nand_zync_sys_axi_gpio_0_0.xdc] for cell 'nand_zync_sys_i/axi_gpio_0/U0'
Finished Parsing XDC File [c:/Electronics - Analog and Digital/ADI/FPGA/Assignment_2/Assignment_2.srcs/sources_1/bd/nand_zync_sys/ip/nand_zync_sys_axi_gpio_0_0/nand_zync_sys_axi_gpio_0_0.xdc] for cell 'nand_zync_sys_i/axi_gpio_0/U0'
Parsing XDC File [c:/Electronics - Analog and Digital/ADI/FPGA/Assignment_2/Assignment_2.srcs/sources_1/bd/nand_zync_sys/ip/nand_zync_sys_axi_gpio_1_0/nand_zync_sys_axi_gpio_1_0_board.xdc] for cell 'nand_zync_sys_i/axi_gpio_1/U0'
Finished Parsing XDC File [c:/Electronics - Analog and Digital/ADI/FPGA/Assignment_2/Assignment_2.srcs/sources_1/bd/nand_zync_sys/ip/nand_zync_sys_axi_gpio_1_0/nand_zync_sys_axi_gpio_1_0_board.xdc] for cell 'nand_zync_sys_i/axi_gpio_1/U0'
Parsing XDC File [c:/Electronics - Analog and Digital/ADI/FPGA/Assignment_2/Assignment_2.srcs/sources_1/bd/nand_zync_sys/ip/nand_zync_sys_axi_gpio_1_0/nand_zync_sys_axi_gpio_1_0.xdc] for cell 'nand_zync_sys_i/axi_gpio_1/U0'
Finished Parsing XDC File [c:/Electronics - Analog and Digital/ADI/FPGA/Assignment_2/Assignment_2.srcs/sources_1/bd/nand_zync_sys/ip/nand_zync_sys_axi_gpio_1_0/nand_zync_sys_axi_gpio_1_0.xdc] for cell 'nand_zync_sys_i/axi_gpio_1/U0'
Parsing XDC File [c:/Electronics - Analog and Digital/ADI/FPGA/Assignment_2/Assignment_2.srcs/sources_1/bd/nand_zync_sys/ip/nand_zync_sys_rst_ps7_0_100M_0/nand_zync_sys_rst_ps7_0_100M_0_board.xdc] for cell 'nand_zync_sys_i/rst_ps7_0_100M/U0'
Finished Parsing XDC File [c:/Electronics - Analog and Digital/ADI/FPGA/Assignment_2/Assignment_2.srcs/sources_1/bd/nand_zync_sys/ip/nand_zync_sys_rst_ps7_0_100M_0/nand_zync_sys_rst_ps7_0_100M_0_board.xdc] for cell 'nand_zync_sys_i/rst_ps7_0_100M/U0'
Parsing XDC File [c:/Electronics - Analog and Digital/ADI/FPGA/Assignment_2/Assignment_2.srcs/sources_1/bd/nand_zync_sys/ip/nand_zync_sys_rst_ps7_0_100M_0/nand_zync_sys_rst_ps7_0_100M_0.xdc] for cell 'nand_zync_sys_i/rst_ps7_0_100M/U0'
Finished Parsing XDC File [c:/Electronics - Analog and Digital/ADI/FPGA/Assignment_2/Assignment_2.srcs/sources_1/bd/nand_zync_sys/ip/nand_zync_sys_rst_ps7_0_100M_0/nand_zync_sys_rst_ps7_0_100M_0.xdc] for cell 'nand_zync_sys_i/rst_ps7_0_100M/U0'
Parsing XDC File [C:/Electronics - Analog and Digital/ADI/FPGA/Assignment_2/Assignment_2.srcs/constrs_1/new/cons.xdc]
WARNING: [Vivado 12-584] No ports matched '[get_ports -of_objects [get_iobanks 34]]'. [C:/Electronics - Analog and Digital/ADI/FPGA/Assignment_2/Assignment_2.srcs/constrs_1/new/cons.xdc:368]
CRITICAL WARNING: [Common 17-55] 'set_property' expects at least one object. [C:/Electronics - Analog and Digital/ADI/FPGA/Assignment_2/Assignment_2.srcs/constrs_1/new/cons.xdc:368]
Resolution: If [get_<value>] was used to populate the object, check to make sure this command returns at least one valid object.
WARNING: [Vivado 12-584] No ports matched '[get_ports -of_objects [get_iobanks 13]]'. [C:/Electronics - Analog and Digital/ADI/FPGA/Assignment_2/Assignment_2.srcs/constrs_1/new/cons.xdc:376]
CRITICAL WARNING: [Common 17-55] 'set_property' expects at least one object. [C:/Electronics - Analog and Digital/ADI/FPGA/Assignment_2/Assignment_2.srcs/constrs_1/new/cons.xdc:376]
Resolution: If [get_<value>] was used to populate the object, check to make sure this command returns at least one valid object.
Finished Parsing XDC File [C:/Electronics - Analog and Digital/ADI/FPGA/Assignment_2/Assignment_2.srcs/constrs_1/new/cons.xdc]
INFO: [Opt 31-138] Pushed 0 inverter(s) to 0 load pin(s).
INFO: [Project 1-111] Unisim Transformation Summary:
No Unisim elements were transformed.

17 Infos, 2 Warnings, 2 Critical Warnings and 0 Errors encountered.
link_design completed successfully
link_design: Time (s): cpu = 00:00:12 ; elapsed = 00:00:19 . Memory (MB): peak = 763.887 ; gain = 398.121
Command: opt_design
Attempting to get a license for feature 'Implementation' and/or device 'xc7z020'
INFO: [Common 17-349] Got license for feature 'Implementation' and/or device 'xc7z020'
Running DRC as a precondition to command opt_design

Starting DRC Task
INFO: [DRC 23-27] Running DRC with 2 threads
INFO: [Project 1-461] DRC finished with 0 Errors
INFO: [Project 1-462] Please refer to the DRC report (report_drc) for more information.

Time (s): cpu = 00:00:01 ; elapsed = 00:00:00.351 . Memory (MB): peak = 770.820 ; gain = 6.934

Starting Cache Timing Information Task
INFO: [Timing 38-35] Done setting XDC timing constraints.
Ending Cache Timing Information Task | Checksum: 178c6d517

Time (s): cpu = 00:00:07 ; elapsed = 00:00:08 . Memory (MB): peak = 1318.293 ; gain = 547.473

Starting Logic Optimization Task

Phase 1 Retarget
INFO: [Opt 31-138] Pushed 0 inverter(s) to 0 load pin(s).
INFO: [Opt 31-49] Retargeted 0 cell(s).
Phase 1 Retarget | Checksum: e98b3c98

Time (s): cpu = 00:00:00 ; elapsed = 00:00:00.097 . Memory (MB): peak = 1318.293 ; gain = 0.000
INFO: [Opt 31-389] Phase Retarget created 0 cells and removed 0 cells

Phase 2 Constant propagation
INFO: [Opt 31-138] Pushed 0 inverter(s) to 0 load pin(s).
Phase 2 Constant propagation | Checksum: e98b3c98

Time (s): cpu = 00:00:00 ; elapsed = 00:00:00.121 . Memory (MB): peak = 1318.293 ; gain = 0.000
INFO: [Opt 31-389] Phase Constant propagation created 0 cells and removed 0 cells

Phase 3 Sweep
Phase 3 Sweep | Checksum: 145cc478b

Time (s): cpu = 00:00:00 ; elapsed = 00:00:00.314 . Memory (MB): peak = 1318.293 ; gain = 0.000
INFO: [Opt 31-389] Phase Sweep created 0 cells and removed 190 cells

Phase 4 BUFG optimization
Phase 4 BUFG optimization | Checksum: 145cc478b

Time (s): cpu = 00:00:00 ; elapsed = 00:00:00.350 . Memory (MB): peak = 1318.293 ; gain = 0.000
INFO: [Opt 31-662] Phase BUFG optimization created 0 cells of which 0 are BUFGs and removed 0 cells.

Phase 5 Shift Register Optimization
Phase 5 Shift Register Optimization | Checksum: 1c9fb2ccf

Time (s): cpu = 00:00:00 ; elapsed = 00:00:00.463 . Memory (MB): peak = 1318.293 ; gain = 0.000
INFO: [Opt 31-389] Phase Shift Register Optimization created 0 cells and removed 0 cells

Phase 6 Post Processing Netlist
Phase 6 Post Processing Netlist | Checksum: 1c9fb2ccf

Time (s): cpu = 00:00:00 ; elapsed = 00:00:00.492 . Memory (MB): peak = 1318.293 ; gain = 0.000
INFO: [Opt 31-389] Phase Post Processing Netlist created 0 cells and removed 0 cells

Starting Connectivity Check Task

Time (s): cpu = 00:00:00 ; elapsed = 00:00:00.002 . Memory (MB): peak = 1318.293 ; gain = 0.000
Ending Logic Optimization Task | Checksum: 1c9fb2ccf

Time (s): cpu = 00:00:00 ; elapsed = 00:00:00.502 . Memory (MB): peak = 1318.293 ; gain = 0.000

Starting Power Optimization Task
INFO: [Pwropt 34-132] Skipping clock gating for clocks with a period < 2.00 ns.
Ending Power Optimization Task | Checksum: 1c9fb2ccf

Time (s): cpu = 00:00:00 ; elapsed = 00:00:00.010 . Memory (MB): peak = 1318.293 ; gain = 0.000

Starting Final Cleanup Task
Ending Final Cleanup Task | Checksum: 1c9fb2ccf

Time (s): cpu = 00:00:00 ; elapsed = 00:00:00 . Memory (MB): peak = 1318.293 ; gain = 0.000
INFO: [Common 17-83] Releasing license: Implementation
33 Infos, 2 Warnings, 2 Critical Warnings and 0 Errors encountered.
opt_design completed successfully
opt_design: Time (s): cpu = 00:00:08 ; elapsed = 00:00:09 . Memory (MB): peak = 1318.293 ; gain = 554.406
INFO: [Timing 38-480] Writing timing data to binary archive.
Writing placer database...
Writing XDEF routing.
Writing XDEF routing logical nets.
Writing XDEF routing special nets.
Write XDEF Complete: Time (s): cpu = 00:00:00 ; elapsed = 00:00:00.036 . Memory (MB): peak = 1318.293 ; gain = 0.000
INFO: [Common 17-1381] The checkpoint 'C:/Electronics - Analog and Digital/ADI/FPGA/Assignment_2/Assignment_2.runs/impl_1/nand_zync_sys_wrapper_opt.dcp' has been generated.
INFO: [runtcl-4] Executing : report_drc -file nand_zync_sys_wrapper_drc_opted.rpt -pb nand_zync_sys_wrapper_drc_opted.pb -rpx nand_zync_sys_wrapper_drc_opted.rpx
Command: report_drc -file nand_zync_sys_wrapper_drc_opted.rpt -pb nand_zync_sys_wrapper_drc_opted.pb -rpx nand_zync_sys_wrapper_drc_opted.rpx
INFO: [DRC 23-27] Running DRC with 2 threads
INFO: [Coretcl 2-168] The results of DRC are in file C:/Electronics - Analog and Digital/ADI/FPGA/Assignment_2/Assignment_2.runs/impl_1/nand_zync_sys_wrapper_drc_opted.rpt.
report_drc completed successfully
Command: place_design
Attempting to get a license for feature 'Implementation' and/or device 'xc7z020'
INFO: [Common 17-349] Got license for feature 'Implementation' and/or device 'xc7z020'
INFO: [DRC 23-27] Running DRC with 2 threads
INFO: [Vivado_Tcl 4-198] DRC finished with 0 Errors
INFO: [Vivado_Tcl 4-199] Please refer to the DRC report (report_drc) for more information.
Running DRC as a precondition to command place_design
INFO: [DRC 23-27] Running DRC with 2 threads
INFO: [Vivado_Tcl 4-198] DRC finished with 0 Errors
INFO: [Vivado_Tcl 4-199] Please refer to the DRC report (report_drc) for more information.

Starting Placer Task
INFO: [Place 30-611] Multithreading enabled for place_design using a maximum of 2 CPUs

Phase 1 Placer Initialization

Phase 1.1 Placer Initialization Netlist Sorting
Netlist sorting complete. Time (s): cpu = 00:00:00 ; elapsed = 00:00:00.002 . Memory (MB): peak = 1318.293 ; gain = 0.000
Phase 1.1 Placer Initialization Netlist Sorting | Checksum: dc345e14

Time (s): cpu = 00:00:00 ; elapsed = 00:00:00.007 . Memory (MB): peak = 1318.293 ; gain = 0.000
Netlist sorting complete. Time (s): cpu = 00:00:00 ; elapsed = 00:00:00.001 . Memory (MB): peak = 1318.293 ; gain = 0.000

Phase 1.2 IO Placement/ Clock Placement/ Build Placer Device
INFO: [Timing 38-35] Done setting XDC timing constraints.
Phase 1.2 IO Placement/ Clock Placement/ Build Placer Device | Checksum: 72036c1a

Time (s): cpu = 00:00:01 ; elapsed = 00:00:00.940 . Memory (MB): peak = 1318.293 ; gain = 0.000

Phase 1.3 Build Placer Netlist Model
Phase 1.3 Build Placer Netlist Model | Checksum: 171d9dc61

Time (s): cpu = 00:00:02 ; elapsed = 00:00:01 . Memory (MB): peak = 1318.293 ; gain = 0.000

Phase 1.4 Constrain Clocks/Macros
Phase 1.4 Constrain Clocks/Macros | Checksum: 171d9dc61

Time (s): cpu = 00:00:02 ; elapsed = 00:00:01 . Memory (MB): peak = 1318.293 ; gain = 0.000
Phase 1 Placer Initialization | Checksum: 171d9dc61

Time (s): cpu = 00:00:02 ; elapsed = 00:00:01 . Memory (MB): peak = 1318.293 ; gain = 0.000

Phase 2 Global Placement

Phase 2.1 Floorplanning
Phase 2.1 Floorplanning | Checksum: 21fad78f0

Time (s): cpu = 00:00:02 ; elapsed = 00:00:01 . Memory (MB): peak = 1318.293 ; gain = 0.000

Phase 2.2 Physical Synthesis In Placer
INFO: [Physopt 32-65] No nets found for high-fanout optimization.
INFO: [Physopt 32-232] Optimized 0 net. Created 0 new instance.
INFO: [Physopt 32-775] End 1 Pass. Optimized 0 net or cell. Created 0 new cell, deleted 0 existing cell and moved 0 existing cell
Netlist sorting complete. Time (s): cpu = 00:00:00 ; elapsed = 00:00:00.003 . Memory (MB): peak = 1318.293 ; gain = 0.000

Summary of Physical Synthesis Optimizations
============================================


-----------------------------------------------------------------------------------------------------------------------------
|  Optimization       |  Added Cells  |  Removed Cells  |  Optimized Cells/Nets  |  Dont Touch  |  Iterations  |  Elapsed   |
-----------------------------------------------------------------------------------------------------------------------------
|  Very High Fanout   |            0  |              0  |                     0  |           0  |           1  |  00:00:00  |
|  Total              |            0  |              0  |                     0  |           0  |           1  |  00:00:00  |
-----------------------------------------------------------------------------------------------------------------------------


Phase 2.2 Physical Synthesis In Placer | Checksum: 1aafdffaf

Time (s): cpu = 00:00:03 ; elapsed = 00:00:02 . Memory (MB): peak = 1318.293 ; gain = 0.000
Phase 2 Global Placement | Checksum: 15c337319

Time (s): cpu = 00:00:04 ; elapsed = 00:00:02 . Memory (MB): peak = 1318.293 ; gain = 0.000

Phase 3 Detail Placement

Phase 3.1 Commit Multi Column Macros
Phase 3.1 Commit Multi Column Macros | Checksum: 15c337319

Time (s): cpu = 00:00:04 ; elapsed = 00:00:02 . Memory (MB): peak = 1318.293 ; gain = 0.000

Phase 3.2 Commit Most Macros & LUTRAMs
Phase 3.2 Commit Most Macros & LUTRAMs | Checksum: 2388ec4e5

Time (s): cpu = 00:00:04 ; elapsed = 00:00:02 . Memory (MB): peak = 1318.293 ; gain = 0.000

Phase 3.3 Area Swap Optimization
Phase 3.3 Area Swap Optimization | Checksum: 24dd77027

Time (s): cpu = 00:00:04 ; elapsed = 00:00:02 . Memory (MB): peak = 1318.293 ; gain = 0.000

Phase 3.4 Pipeline Register Optimization
Phase 3.4 Pipeline Register Optimization | Checksum: 24dd77027

Time (s): cpu = 00:00:04 ; elapsed = 00:00:02 . Memory (MB): peak = 1318.293 ; gain = 0.000

Phase 3.5 Small Shape Detail Placement
Phase 3.5 Small Shape Detail Placement | Checksum: 178050d6d

Time (s): cpu = 00:00:04 ; elapsed = 00:00:03 . Memory (MB): peak = 1318.293 ; gain = 0.000

Phase 3.6 Re-assign LUT pins
Phase 3.6 Re-assign LUT pins | Checksum: 1a45ac25d

Time (s): cpu = 00:00:04 ; elapsed = 00:00:03 . Memory (MB): peak = 1318.293 ; gain = 0.000

Phase 3.7 Pipeline Register Optimization
Phase 3.7 Pipeline Register Optimization | Checksum: 1a45ac25d

Time (s): cpu = 00:00:04 ; elapsed = 00:00:03 . Memory (MB): peak = 1318.293 ; gain = 0.000
Phase 3 Detail Placement | Checksum: 1a45ac25d

Time (s): cpu = 00:00:04 ; elapsed = 00:00:03 . Memory (MB): peak = 1318.293 ; gain = 0.000

Phase 4 Post Placement Optimization and Clean-Up

Phase 4.1 Post Commit Optimization
INFO: [Timing 38-35] Done setting XDC timing constraints.

Phase 4.1.1 Post Placement Optimization
Post Placement Optimization Initialization | Checksum: 17cec6883

Phase 4.1.1.1 BUFG Insertion
INFO: [Place 46-31] BUFG insertion identified 0 candidate nets, 0 success, 0 skipped for placement/routing, 0 skipped for timing, 0 skipped for netlist change reason.
Phase 4.1.1.1 BUFG Insertion | Checksum: 17cec6883

Time (s): cpu = 00:00:04 ; elapsed = 00:00:03 . Memory (MB): peak = 1329.172 ; gain = 10.879
INFO: [Place 30-746] Post Placement Timing Summary WNS=3.923. For the most accurate timing information please run report_timing.
Phase 4.1.1 Post Placement Optimization | Checksum: 1c1ec50da

Time (s): cpu = 00:00:04 ; elapsed = 00:00:03 . Memory (MB): peak = 1329.172 ; gain = 10.879
Phase 4.1 Post Commit Optimization | Checksum: 1c1ec50da

Time (s): cpu = 00:00:04 ; elapsed = 00:00:03 . Memory (MB): peak = 1329.172 ; gain = 10.879

Phase 4.2 Post Placement Cleanup
Phase 4.2 Post Placement Cleanup | Checksum: 1c1ec50da

Time (s): cpu = 00:00:04 ; elapsed = 00:00:03 . Memory (MB): peak = 1329.172 ; gain = 10.879

Phase 4.3 Placer Reporting
Phase 4.3 Placer Reporting | Checksum: 1c1ec50da

Time (s): cpu = 00:00:04 ; elapsed = 00:00:03 . Memory (MB): peak = 1329.172 ; gain = 10.879

Phase 4.4 Final Placement Cleanup
Phase 4.4 Final Placement Cleanup | Checksum: 195a2a17f

Time (s): cpu = 00:00:04 ; elapsed = 00:00:03 . Memory (MB): peak = 1329.172 ; gain = 10.879
Phase 4 Post Placement Optimization and Clean-Up | Checksum: 195a2a17f

Time (s): cpu = 00:00:04 ; elapsed = 00:00:03 . Memory (MB): peak = 1329.172 ; gain = 10.879
Ending Placer Task | Checksum: 9e2de17a

Time (s): cpu = 00:00:04 ; elapsed = 00:00:03 . Memory (MB): peak = 1329.172 ; gain = 10.879
INFO: [Common 17-83] Releasing license: Implementation
54 Infos, 2 Warnings, 2 Critical Warnings and 0 Errors encountered.
place_design completed successfully
INFO: [Timing 38-480] Writing timing data to binary archive.
Writing placer database...
Writing XDEF routing.
Writing XDEF routing logical nets.
Writing XDEF routing special nets.
Write XDEF Complete: Time (s): cpu = 00:00:01 ; elapsed = 00:00:00.096 . Memory (MB): peak = 1336.770 ; gain = 7.598
INFO: [Common 17-1381] The checkpoint 'C:/Electronics - Analog and Digital/ADI/FPGA/Assignment_2/Assignment_2.runs/impl_1/nand_zync_sys_wrapper_placed.dcp' has been generated.
INFO: [runtcl-4] Executing : report_io -file nand_zync_sys_wrapper_io_placed.rpt
report_io: Time (s): cpu = 00:00:00 ; elapsed = 00:00:00.037 . Memory (MB): peak = 1336.770 ; gain = 0.000
INFO: [runtcl-4] Executing : report_utilization -file nand_zync_sys_wrapper_utilization_placed.rpt -pb nand_zync_sys_wrapper_utilization_placed.pb
report_utilization: Time (s): cpu = 00:00:00 ; elapsed = 00:00:00.027 . Memory (MB): peak = 1336.770 ; gain = 0.000
INFO: [runtcl-4] Executing : report_control_sets -verbose -file nand_zync_sys_wrapper_control_sets_placed.rpt
report_control_sets: Time (s): cpu = 00:00:00 ; elapsed = 00:00:00.004 . Memory (MB): peak = 1336.770 ; gain = 0.000
Command: route_design
Attempting to get a license for feature 'Implementation' and/or device 'xc7z020'
INFO: [Common 17-349] Got license for feature 'Implementation' and/or device 'xc7z020'
Running DRC as a precondition to command route_design
INFO: [DRC 23-27] Running DRC with 2 threads
INFO: [Vivado_Tcl 4-198] DRC finished with 0 Errors
INFO: [Vivado_Tcl 4-199] Please refer to the DRC report (report_drc) for more information.


Starting Routing Task
INFO: [Route 35-254] Multithreading enabled for route_design using a maximum of 2 CPUs
Checksum: PlaceDB: 9d1ece3a ConstDB: 0 ShapeSum: 10f1340 RouteDB: 0

Phase 1 Build RT Design
Phase 1 Build RT Design | Checksum: 8cde95ad

Time (s): cpu = 00:00:16 ; elapsed = 00:00:14 . Memory (MB): peak = 1452.129 ; gain = 115.359
Post Restoration Checksum: NetGraph: 867e9790 NumContArr: 65ffe1d Constraints: 0 Timing: 0

Phase 2 Router Initialization

Phase 2.1 Create Timer
Phase 2.1 Create Timer | Checksum: 8cde95ad

Time (s): cpu = 00:00:16 ; elapsed = 00:00:14 . Memory (MB): peak = 1452.129 ; gain = 115.359

Phase 2.2 Fix Topology Constraints
Phase 2.2 Fix Topology Constraints | Checksum: 8cde95ad

Time (s): cpu = 00:00:16 ; elapsed = 00:00:14 . Memory (MB): peak = 1457.613 ; gain = 120.844

Phase 2.3 Pre Route Cleanup
Phase 2.3 Pre Route Cleanup | Checksum: 8cde95ad

Time (s): cpu = 00:00:16 ; elapsed = 00:00:14 . Memory (MB): peak = 1457.613 ; gain = 120.844
 Number of Nodes with overlaps = 0

Phase 2.4 Update Timing
Phase 2.4 Update Timing | Checksum: e46e52ab

Time (s): cpu = 00:00:16 ; elapsed = 00:00:14 . Memory (MB): peak = 1480.422 ; gain = 143.652
INFO: [Route 35-416] Intermediate Timing Summary | WNS=4.028  | TNS=0.000  | WHS=-0.142 | THS=-18.135|

Phase 2 Router Initialization | Checksum: a24b5002

Time (s): cpu = 00:00:16 ; elapsed = 00:00:14 . Memory (MB): peak = 1480.422 ; gain = 143.652

Phase 3 Initial Routing
Phase 3 Initial Routing | Checksum: 11728ad1c

Time (s): cpu = 00:00:16 ; elapsed = 00:00:14 . Memory (MB): peak = 1480.422 ; gain = 143.652

Phase 4 Rip-up And Reroute

Phase 4.1 Global Iteration 0
 Number of Nodes with overlaps = 93
 Number of Nodes with overlaps = 0
INFO: [Route 35-416] Intermediate Timing Summary | WNS=3.875  | TNS=0.000  | WHS=N/A    | THS=N/A    |

Phase 4.1 Global Iteration 0 | Checksum: 16a585c06

Time (s): cpu = 00:00:17 ; elapsed = 00:00:14 . Memory (MB): peak = 1480.422 ; gain = 143.652
Phase 4 Rip-up And Reroute | Checksum: 16a585c06

Time (s): cpu = 00:00:17 ; elapsed = 00:00:14 . Memory (MB): peak = 1480.422 ; gain = 143.652

Phase 5 Delay and Skew Optimization

Phase 5.1 Delay CleanUp

Phase 5.1.1 Update Timing
Phase 5.1.1 Update Timing | Checksum: 112417eb2

Time (s): cpu = 00:00:17 ; elapsed = 00:00:14 . Memory (MB): peak = 1480.422 ; gain = 143.652
INFO: [Route 35-416] Intermediate Timing Summary | WNS=3.889  | TNS=0.000  | WHS=N/A    | THS=N/A    |

Phase 5.1 Delay CleanUp | Checksum: 112417eb2

Time (s): cpu = 00:00:17 ; elapsed = 00:00:14 . Memory (MB): peak = 1480.422 ; gain = 143.652

Phase 5.2 Clock Skew Optimization
Phase 5.2 Clock Skew Optimization | Checksum: 112417eb2

Time (s): cpu = 00:00:17 ; elapsed = 00:00:14 . Memory (MB): peak = 1480.422 ; gain = 143.652
Phase 5 Delay and Skew Optimization | Checksum: 112417eb2

Time (s): cpu = 00:00:17 ; elapsed = 00:00:14 . Memory (MB): peak = 1480.422 ; gain = 143.652

Phase 6 Post Hold Fix

Phase 6.1 Hold Fix Iter

Phase 6.1.1 Update Timing
Phase 6.1.1 Update Timing | Checksum: c98b58d5

Time (s): cpu = 00:00:17 ; elapsed = 00:00:14 . Memory (MB): peak = 1480.422 ; gain = 143.652
INFO: [Route 35-416] Intermediate Timing Summary | WNS=3.889  | TNS=0.000  | WHS=0.027  | THS=0.000  |

Phase 6.1 Hold Fix Iter | Checksum: 101741e78

Time (s): cpu = 00:00:17 ; elapsed = 00:00:14 . Memory (MB): peak = 1480.422 ; gain = 143.652
Phase 6 Post Hold Fix | Checksum: 101741e78

Time (s): cpu = 00:00:17 ; elapsed = 00:00:14 . Memory (MB): peak = 1480.422 ; gain = 143.652

Phase 7 Route finalize

Router Utilization Summary
  Global Vertical Routing Utilization    = 0.16589 %
  Global Horizontal Routing Utilization  = 0.222955 %
  Routable Net Status*
  *Does not include unroutable nets such as driverless and loadless.
  Run report_route_status for detailed report.
  Number of Failed Nets               = 0
  Number of Unrouted Nets             = 0
  Number of Partially Routed Nets     = 0
  Number of Node Overlaps             = 0

Phase 7 Route finalize | Checksum: 12768727b

Time (s): cpu = 00:00:17 ; elapsed = 00:00:14 . Memory (MB): peak = 1480.422 ; gain = 143.652

Phase 8 Verifying routed nets

 Verification completed successfully
Phase 8 Verifying routed nets | Checksum: 12768727b

Time (s): cpu = 00:00:17 ; elapsed = 00:00:14 . Memory (MB): peak = 1480.422 ; gain = 143.652

Phase 9 Depositing Routes
Phase 9 Depositing Routes | Checksum: 1e3aa2a24

Time (s): cpu = 00:00:17 ; elapsed = 00:00:15 . Memory (MB): peak = 1480.422 ; gain = 143.652

Phase 10 Post Router Timing
INFO: [Route 35-57] Estimated Timing Summary | WNS=3.889  | TNS=0.000  | WHS=0.027  | THS=0.000  |

INFO: [Route 35-327] The final timing numbers are based on the router estimated timing analysis. For a complete and accurate timing signoff, please run report_timing_summary.
Phase 10 Post Router Timing | Checksum: 1e3aa2a24

Time (s): cpu = 00:00:17 ; elapsed = 00:00:15 . Memory (MB): peak = 1480.422 ; gain = 143.652
INFO: [Route 35-16] Router Completed Successfully

Time (s): cpu = 00:00:17 ; elapsed = 00:00:15 . Memory (MB): peak = 1480.422 ; gain = 143.652

Routing Is Done.
INFO: [Common 17-83] Releasing license: Implementation
72 Infos, 2 Warnings, 2 Critical Warnings and 0 Errors encountered.
route_design completed successfully
route_design: Time (s): cpu = 00:00:18 ; elapsed = 00:00:15 . Memory (MB): peak = 1480.422 ; gain = 143.652
INFO: [Timing 38-480] Writing timing data to binary archive.
Writing placer database...
Writing XDEF routing.
Writing XDEF routing logical nets.
Writing XDEF routing special nets.
Write XDEF Complete: Time (s): cpu = 00:00:00 ; elapsed = 00:00:00.127 . Memory (MB): peak = 1480.422 ; gain = 0.000
INFO: [Common 17-1381] The checkpoint 'C:/Electronics - Analog and Digital/ADI/FPGA/Assignment_2/Assignment_2.runs/impl_1/nand_zync_sys_wrapper_routed.dcp' has been generated.
INFO: [runtcl-4] Executing : report_drc -file nand_zync_sys_wrapper_drc_routed.rpt -pb nand_zync_sys_wrapper_drc_routed.pb -rpx nand_zync_sys_wrapper_drc_routed.rpx
Command: report_drc -file nand_zync_sys_wrapper_drc_routed.rpt -pb nand_zync_sys_wrapper_drc_routed.pb -rpx nand_zync_sys_wrapper_drc_routed.rpx
INFO: [DRC 23-27] Running DRC with 2 threads
INFO: [Coretcl 2-168] The results of DRC are in file C:/Electronics - Analog and Digital/ADI/FPGA/Assignment_2/Assignment_2.runs/impl_1/nand_zync_sys_wrapper_drc_routed.rpt.
report_drc completed successfully
INFO: [runtcl-4] Executing : report_methodology -file nand_zync_sys_wrapper_methodology_drc_routed.rpt -pb nand_zync_sys_wrapper_methodology_drc_routed.pb -rpx nand_zync_sys_wrapper_methodology_drc_routed.rpx
Command: report_methodology -file nand_zync_sys_wrapper_methodology_drc_routed.rpt -pb nand_zync_sys_wrapper_methodology_drc_routed.pb -rpx nand_zync_sys_wrapper_methodology_drc_routed.rpx
INFO: [Timing 38-35] Done setting XDC timing constraints.
INFO: [Timing 38-35] Done setting XDC timing constraints.
INFO: [DRC 23-133] Running Methodology with 2 threads
INFO: [Coretcl 2-1520] The results of Report Methodology are in file C:/Electronics - Analog and Digital/ADI/FPGA/Assignment_2/Assignment_2.runs/impl_1/nand_zync_sys_wrapper_methodology_drc_routed.rpt.
report_methodology completed successfully
INFO: [runtcl-4] Executing : report_power -file nand_zync_sys_wrapper_power_routed.rpt -pb nand_zync_sys_wrapper_power_summary_routed.pb -rpx nand_zync_sys_wrapper_power_routed.rpx
Command: report_power -file nand_zync_sys_wrapper_power_routed.rpt -pb nand_zync_sys_wrapper_power_summary_routed.pb -rpx nand_zync_sys_wrapper_power_routed.rpx
INFO: [Timing 38-35] Done setting XDC timing constraints.
Running Vector-less Activity Propagation...

Finished Running Vector-less Activity Propagation
84 Infos, 2 Warnings, 2 Critical Warnings and 0 Errors encountered.
report_power completed successfully
INFO: [runtcl-4] Executing : report_route_status -file nand_zync_sys_wrapper_route_status.rpt -pb nand_zync_sys_wrapper_route_status.pb
INFO: [runtcl-4] Executing : report_timing_summary -max_paths 10 -file nand_zync_sys_wrapper_timing_summary_routed.rpt -pb nand_zync_sys_wrapper_timing_summary_routed.pb -rpx nand_zync_sys_wrapper_timing_summary_routed.rpx -warn_on_violation 
INFO: [Timing 38-91] UpdateTimingParams: Speed grade: -1, Delay Type: min_max, Timing Stage: Requireds.
INFO: [Timing 38-191] Multithreading enabled for timing update using a maximum of 2 CPUs
INFO: [runtcl-4] Executing : report_incremental_reuse -file nand_zync_sys_wrapper_incremental_reuse_routed.rpt
INFO: [Vivado_Tcl 4-545] No incremental reuse to report, no incremental placement and routing data was found.
INFO: [runtcl-4] Executing : report_clock_utilization -file nand_zync_sys_wrapper_clock_utilization_routed.rpt
INFO: [runtcl-4] Executing : report_bus_skew -warn_on_violation -file nand_zync_sys_wrapper_bus_skew_routed.rpt -pb nand_zync_sys_wrapper_bus_skew_routed.pb -rpx nand_zync_sys_wrapper_bus_skew_routed.rpx
INFO: [Timing 38-91] UpdateTimingParams: Speed grade: -1, Delay Type: min_max, Timing Stage: Requireds.
INFO: [Timing 38-191] Multithreading enabled for timing update using a maximum of 2 CPUs
Command: write_bitstream -force nand_zync_sys_wrapper.bit
Attempting to get a license for feature 'Implementation' and/or device 'xc7z020'
INFO: [Common 17-349] Got license for feature 'Implementation' and/or device 'xc7z020'
Running DRC as a precondition to command write_bitstream
INFO: [DRC 23-27] Running DRC with 2 threads
INFO: [Vivado 12-3199] DRC finished with 0 Errors
INFO: [Vivado 12-3200] Please refer to the DRC report (report_drc) for more information.
INFO: [Designutils 20-2272] Running write_bitstream with 2 threads.
Loading data files...
Loading site data...
Loading route data...
Processing options...
Creating bitmap...
Creating bitstream...
Writing bitstream ./nand_zync_sys_wrapper.bit...
INFO: [Vivado 12-1842] Bitgen Completed Successfully.
INFO: [Project 1-120] WebTalk data collection is mandatory when using a WebPACK part without a full Vivado license. To see the specific WebTalk data collected for your design, open the usage_statistics_webtalk.html or usage_statistics_webtalk.xml file in the implementation directory.
Access is denied.
Access is denied.
INFO: [Common 17-83] Releasing license: Implementation
102 Infos, 2 Warnings, 2 Critical Warnings and 0 Errors encountered.
write_bitstream completed successfully
write_bitstream: Time (s): cpu = 00:00:09 ; elapsed = 00:00:09 . Memory (MB): peak = 1935.691 ; gain = 437.543
INFO: [Common 17-206] Exiting Vivado at Wed Jul 29 12:30:01 2026...
