15:13:55 **** Auto Build of configuration Debug for project inverter_code ****
make pre-build main-build 
a9-linaro-pre-build-step
 
Building file: ../src/inverter.c
Invoking: ARM v7 gcc compiler
arm-none-eabi-gcc -Wall -O0 -g3 -c -fmessage-length=0 -MT"src/inverter.o" -mcpu=cortex-a9 -mfpu=vfpv3 -mfloat-abi=hard -I../../inverter_code_bsp/ps7_cortexa9_0/include -MMD -MP -MF"src/inverter.d" -MT"src/inverter.o" -o "src/inverter.o" "../src/inverter.c"
../src/inverter.c: In function 'main':
../src/inverter.c:7:1: error: expected declaration specifiers before 'init_platform'
 init_platform();
 ^~~~~~~~~~~~~
../src/inverter.c:9:1: error: unknown type name 'XGpio'
 XGpio input, output;
 ^~~~~
../src/inverter.c:15:1: warning: implicit declaration of function 'XGpio_Initialize' [-Wimplicit-function-declaration]
 XGpio_Initialize(&input, XPAR_AXI_GPIO_0_DEVICE_ID); // set the input address XGpio_Initialize(&output, XPAR AXI_GPIO_1_DEVICE_ID); // set the output address
 ^~~~~~~~~~~~~~~~
../src/inverter.c:16:1: warning: implicit declaration of function 'XGpio_SetDataDirection' [-Wimplicit-function-declaration]
 XGpio_SetDataDirection (&input, 1, 1); XGpio_SetDataDirection (&output, 1, 0);
 ^~~~~~~~~~~~~~~~~~~~~~
../src/inverter.c:19:4: warning: implicit declaration of function 'XGpio_DiscreteRead' [-Wimplicit-function-declaration]
 a= XGpio_DiscreteRead(&input, 1); y = a;
    ^~~~~~~~~~~~~~~~~~
../src/inverter.c:22:1: warning: implicit declaration of function 'XGpio_Discretewrite' [-Wimplicit-function-declaration]
 XGpio_Discretewrite(&output, 1, y); // write output "y"
 ^~~~~~~~~~~~~~~~~~~
../src/inverter.c:23:1: warning: implicit declaration of function 'cleanup_platform' [-Wimplicit-function-declaration]
 cleanup_platform();
 ^~~~~~~~~~~~~~~~
../src/inverter.c:24:1: error: expected declaration or statement at end of input
 return 0;
 ^~~~~~
make: *** [src/inverter.o] Error 1

15:13:55 Build Finished (took 424ms)

